Archive member included to satisfy reference by file (symbol)

app/libapp.a(main.c.obj)      (--whole-archive)
zephyr/libzephyr.a(validate_libc.c.obj)
                              (--whole-archive)
zephyr/libzephyr.a(heap.c.obj)
                              (--whole-archive)
zephyr/libzephyr.a(cbprintf_packaged.c.obj)
                              (--whole-archive)
zephyr/libzephyr.a(clock.c.obj)
                              (--whole-archive)
zephyr/libzephyr.a(printk.c.obj)
                              (--whole-archive)
zephyr/libzephyr.a(sem.c.obj)
                              (--whole-archive)
zephyr/libzephyr.a(thread_entry.c.obj)
                              (--whole-archive)
zephyr/libzephyr.a(cbprintf_complete.c.obj)
                              (--whole-archive)
zephyr/libzephyr.a(assert.c.obj)
                              (--whole-archive)
zephyr/libzephyr.a(dec.c.obj)
                              (--whole-archive)
zephyr/libzephyr.a(hex.c.obj)
                              (--whole-archive)
zephyr/libzephyr.a(rb.c.obj)  (--whole-archive)
zephyr/libzephyr.a(timeutil.c.obj)
                              (--whole-archive)
zephyr/libzephyr.a(bitarray.c.obj)
                              (--whole-archive)
zephyr/libzephyr.a(bitmask.c.obj)
                              (--whole-archive)
zephyr/libzephyr.a(onoff.c.obj)
                              (--whole-archive)
zephyr/libzephyr.a(notify.c.obj)
                              (--whole-archive)
zephyr/libzephyr.a(ring_buffer.c.obj)
                              (--whole-archive)
zephyr/libzephyr.a(last_section_id.c.obj)
                              (--whole-archive)
zephyr/libzephyr.a(configs.c.obj)
                              (--whole-archive)
zephyr/libzephyr.a(mem_attr.c.obj)
                              (--whole-archive)
zephyr/libzephyr.a(tracing_none.c.obj)
                              (--whole-archive)
zephyr/libzephyr.a(usb_device.c.obj)
                              (--whole-archive)
zephyr/libzephyr.a(usb_descriptor.c.obj)
                              (--whole-archive)
zephyr/libzephyr.a(usb_transfer.c.obj)
                              (--whole-archive)
zephyr/libzephyr.a(cdc_acm.c.obj)
                              (--whole-archive)
zephyr/libzephyr.a(usb_work_q.c.obj)
                              (--whole-archive)
zephyr/libzephyr.a(mipi_dbi_spi.c.obj)
                              (--whole-archive)
zephyr/libzephyr.a(banner.c.obj)
                              (--whole-archive)
zephyr/libzephyr.a(flash_map_partition_manager.c.obj)
                              (--whole-archive)
zephyr/libzephyr.a(max32664c.c.obj)
                              (--whole-archive)
zephyr/libzephyr.a(max32664c_worker.c.obj)
                              (--whole-archive)
zephyr/libzephyr.a(max32664c_init.c.obj)
                              (--whole-archive)
zephyr/libzephyr.a(max32664c_acc.c.obj)
                              (--whole-archive)
zephyr/libzephyr.a(lsm6dso_reg.c.obj)
                              (--whole-archive)
zephyr/libzephyr.a(nrf_cc3xx_platform_abort_zephyr.c.obj)
                              (--whole-archive)
zephyr/libzephyr.a(nrf_cc3xx_platform_mutex_zephyr.c.obj)
                              (--whole-archive)
zephyr/arch/common/libarch__common.a(sw_isr_common.c.obj)
                              (--whole-archive)
zephyr/arch/common/libarch__common.a(init.c.obj)
                              (--whole-archive)
zephyr/arch/common/libarch__common.a(xip.c.obj)
                              (--whole-archive)
zephyr/arch/arch/arm/core/libarch__arm__core.a(fatal.c.obj)
                              (--whole-archive)
zephyr/arch/arch/arm/core/libarch__arm__core.a(nmi.c.obj)
                              (--whole-archive)
zephyr/arch/arch/arm/core/libarch__arm__core.a(nmi_on_reset.S.obj)
                              (--whole-archive)
zephyr/arch/arch/arm/core/libarch__arm__core.a(tls.c.obj)
                              (--whole-archive)
zephyr/arch/arch/arm/core/cortex_m/libarch__arm__core__cortex_m.a(exc_exit.c.obj)
                              (--whole-archive)
zephyr/arch/arch/arm/core/cortex_m/libarch__arm__core__cortex_m.a(fault.c.obj)
                              (--whole-archive)
zephyr/arch/arch/arm/core/cortex_m/libarch__arm__core__cortex_m.a(fault_s.S.obj)
                              (--whole-archive)
zephyr/arch/arch/arm/core/cortex_m/libarch__arm__core__cortex_m.a(fpu.c.obj)
                              (--whole-archive)
zephyr/arch/arch/arm/core/cortex_m/libarch__arm__core__cortex_m.a(reset.S.obj)
                              (--whole-archive)
zephyr/arch/arch/arm/core/cortex_m/libarch__arm__core__cortex_m.a(scb.c.obj)
                              (--whole-archive)
zephyr/arch/arch/arm/core/cortex_m/libarch__arm__core__cortex_m.a(thread_abort.c.obj)
                              (--whole-archive)
zephyr/arch/arch/arm/core/cortex_m/libarch__arm__core__cortex_m.a(vector_table.S.obj)
[...]
Memory Configuration

Name             Origin             Length             Attributes
FLASH            0x0000000000000000 0x0000000000100000 xr
RAM              0x0000000020000000 0x0000000000040000 xw
IDT_LIST         0x00000000ffff7fff 0x0000000000008000 xw
*default*        0x0000000000000000 0xffffffffffffffff

Linker script and memory map

                0x000000000000995c                vfprintf = __l_vfprintf
                0x0000000000000000                vfscanf = __l_vfscanf
LOAD zephyr/CMakeFiles/zephyr_pre0.dir/misc/empty_file.c.obj
LOAD zephyr/CMakeFiles/offsets.dir/./arch/arm/core/offsets/offsets.c.obj
LOAD app/libapp.a
LOAD zephyr/libzephyr.a
LOAD zephyr/arch/common/libarch__common.a
LOAD zephyr/arch/arch/arm/core/libarch__arm__core.a
LOAD zephyr/arch/arch/arm/core/cortex_m/libarch__arm__core__cortex_m.a
LOAD zephyr/arch/arch/arm/core/mpu/libarch__arm__core__mpu.a
LOAD zephyr/lib/libc/picolibc/liblib__libc__picolibc.a
LOAD zephyr/lib/libc/common/liblib__libc__common.a
LOAD zephyr/soc/soc/nrf52840/libsoc__nordic.a
LOAD zephyr/drivers/usb/device/libdrivers__usb__device.a
LOAD zephyr/drivers/usb/common/nrf_usbd_common/libdrivers__usb__common__nrf_usbd_common.a
LOAD zephyr/drivers/clock_control/libdrivers__clock_control.a
LOAD zephyr/drivers/console/libdrivers__console.a
LOAD zephyr/drivers/display/libdrivers__display.a
LOAD zephyr/drivers/gpio/libdrivers__gpio.a
LOAD zephyr/drivers/hwinfo/libdrivers__hwinfo.a
LOAD zephyr/drivers/i2c/libdrivers__i2c.a
LOAD zephyr/drivers/mfd/libdrivers__mfd.a
LOAD zephyr/drivers/pinctrl/libdrivers__pinctrl.a
LOAD zephyr/drivers/regulator/libdrivers__regulator.a
LOAD zephyr/drivers/rtc/libdrivers__rtc.a
LOAD zephyr/drivers/sensor/nordic/temp/libdrivers__sensor__nordic__temp.a
LOAD zephyr/drivers/sensor/nordic/npm13xx_charger/libdrivers__sensor__nordic__npm13xx_charger.a
LOAD zephyr/drivers/sensor/st/stmemsc/libdrivers__sensor__st__stmemsc.a
LOAD zephyr/drivers/sensor/st/lsm6dso/libdrivers__sensor__st__lsm6dso.a
LOAD zephyr/drivers/serial/libdrivers__serial.a
LOAD zephyr/drivers/spi/libdrivers__spi.a
LOAD zephyr/drivers/timer/libdrivers__timer.a
LOAD modules/nrf/drivers/hw_cc3xx/lib..__nrf__drivers__hw_cc3xx.a
LOAD modules/hal_nordic/modules/hal_nordic/nrfx/libmodules__hal_nordic__nrfx.a
LOAD zephyr/kernel/libkernel.a
LOAD zephyr/arch/common/libisr_tables.a
LOAD /home/atia/ncs/v3.2.1/nrfxlib/crypto/nrf_cc310_platform/lib/cortex-m4/soft-float/no-interrupts/libnrf_cc310_platform_0.9.19.a
LOAD /home/atia/ncs/toolchains/43683a87ea/opt/zephyr-sdk/arm-zephyr-eabi/bin/../lib/gcc/../../picolibc/arm-zephyr-eabi/lib/thumb/v7e-m/nofp/libc.a
LOAD /home/atia/ncs/toolchains/43683a87ea/opt/zephyr-sdk/arm-zephyr-eabi/bin/../lib/gcc/arm-zephyr-eabi/12.2.0/thumb/v7e-m/nofp/libgcc.a
                0x0000000000000020                _region_min_align = 0x20

.rel.plt        0x0000000000000000        0x0
 *(SORT_BY_ALIGNMENT(.rel.plt))
                [!provide]                        PROVIDE (__rel_iplt_start = .)
 *(SORT_BY_ALIGNMENT(.rel.iplt))
 .rel.iplt      0x0000000000000000        0x0 app/libapp.a(main.c.obj)
                [!provide]                        PROVIDE (__rel_iplt_end = .)

.rela.plt       0x0000000000000000        0x0
 *(SORT_BY_ALIGNMENT(.rela.plt))
                [!provide]                        PROVIDE (__rela_iplt_start = .)
 *(SORT_BY_ALIGNMENT(.rela.iplt))
                [!provide]                        PROVIDE (__rela_iplt_end = .)

.rel.dyn
 *(SORT_BY_ALIGNMENT(.rel.*))

.rela.dyn
 *(SORT_BY_ALIGNMENT(.rela.*))

/DISCARD/
 *(SORT_BY_ALIGNMENT(.plt))

/DISCARD/
 *(SORT_BY_ALIGNMENT(.iplt))
                0x0000000000000000                __rom_region_start = 0x0

rom_start       0x0000000000000000      0x100
                0x0000000000000000                __rom_start_address = .
 FILL mask 0x00
                0x0000000000000000                . = (. + (0x0 - (. - __rom_start_address)))
                0x0000000000000000                . = ALIGN (0x4)
                0x0000000000000000                . = ALIGN (0x80)
                0x0000000000000000                . = ALIGN (0x100)
                0x0000000000000000                _vector_start = .
 *(SORT_BY_ALIGNMENT(.exc_vector_table))
 *(SORT_BY_ALIGNMENT(.exc_vector_table.*))
 .exc_vector_table._vector_table_section
                0x0000000000000000       0x40 zephyr/arch/arch/arm/core/cortex_m/libarch__arm__core__cortex_m.a(vector_table.S.obj)
                0x0000000000000000                _vector_table
 *(SORT_BY_ALIGNMENT(.vectors))
                0x0000000000000100                _vector_end = .
                0x0000000000000040                . = ALIGN (0x4)
 *(SORT_BY_ALIGNMENT(.gnu.linkonce.irq_vector_table*))
 .gnu.linkonce.irq_vector_table
                0x0000000000000040       0xc0 zephyr/arch/common/libisr_tables.a(isr_tables.c.obj)
                0x0000000000000040                _irq_vector_table
                0x0000000000000100                _vector_end = .

text            0x0000000000000100     0xe068
                0x0000000000000100                __text_region_start = .
 *(SORT_BY_ALIGNMENT(.text))
 .text          0x0000000000000100      0x378 /home/atia/ncs/toolchains/43683a87ea/opt/zephyr-sdk/arm-zephyr-eabi/bin/../lib/gcc/arm-zephyr-eabi/12.2.0/thumb/v7e-m/nofp/libgcc.a(_arm_addsubdf3.o)
                0x0000000000000100                __aeabi_drsub
                0x0000000000000108                __aeabi_dsub
                0x0000000000000108                __subdf3
                0x000000000000010c                __adddf3
                0x000000000000010c                __aeabi_dadd
                0x0000000000000384                __aeabi_ui2d
                0x0000000000000384                __floatunsidf
                0x00000000000003a4                __floatsidf
                0x00000000000003a4                __aeabi_i2d
                0x00000000000003c8                __extendsfdf2
                0x00000000000003c8                __aeabi_f2d
                0x000000000000040c                __aeabi_ul2d
                0x000000000000040c                __floatundidf
                0x000000000000041c                __floatdidf
                0x000000000000041c                __aeabi_l2d
 .text          0x0000000000000478      0x424 /home/atia/ncs/toolchains/43683a87ea/opt/zephyr-sdk/arm-zephyr-eabi/bin/../lib/gcc/arm-zephyr-eabi/12.2.0/thumb/v7e-m/nofp/libgcc.a(_arm_muldivdf3.o)
                0x0000000000000478                __aeabi_dmul
                0x0000000000000478                __muldf3
                0x00000000000006cc                __aeabi_ddiv
                0x00000000000006cc                __divdf3
 .text          0x000000000000089c      0x110 /home/atia/ncs/toolchains/43683a87ea/opt/zephyr-sdk/arm-zephyr-eabi/bin/../lib/gcc/arm-zephyr-eabi/12.2.0/thumb/v7e-m/nofp/libgcc.a(_arm_cmpdf2.o)
                0x000000000000089c                __gtdf2
                0x000000000000089c                __gedf2
                0x00000000000008a4                __ltdf2
                0x00000000000008a4                __ledf2
                0x00000000000008ac                __cmpdf2
                0x00000000000008ac                __eqdf2
                0x00000000000008ac                __nedf2
                0x0000000000000928                __aeabi_cdrcmple
                0x0000000000000938                __aeabi_cdcmple
                0x0000000000000938                __aeabi_cdcmpeq
                0x0000000000000948                __aeabi_dcmpeq
                0x000000000000095c                __aeabi_dcmplt
                0x0000000000000970                __aeabi_dcmple
                0x0000000000000984                __aeabi_dcmpge
                0x0000000000000998                __aeabi_dcmpgt
 .text          0x00000000000009ac       0x50 /home/atia/ncs/toolchains/43683a87ea/opt/zephyr-sdk/arm-zephyr-eabi/bin/../lib/gcc/arm-zephyr-eabi/12.2.0/thumb/v7e-m/nofp/libgcc.a(_arm_fixdfsi.o)
                0x00000000000009ac                __fixdfsi
                0x00000000000009ac                __aeabi_d2iz
 .text          0x00000000000009fc       0x40 /home/atia/ncs/toolchains/43683a87ea/opt/zephyr-sdk/arm-zephyr-eabi/bin/../lib/gcc/arm-zephyr-eabi/12.2.0/thumb/v7e-m/nofp/libgcc.a(_arm_fixunsdfsi.o)
                0x00000000000009fc                __fixunsdfsi
                0x00000000000009fc                __aeabi_d2uiz
 .text          0x0000000000000a3c       0xa0 /home/atia/ncs/toolchains/43683a87ea/opt/zephyr-sdk/arm-zephyr-eabi/bin/../lib/gcc/arm-zephyr-eabi/12.2.0/thumb/v7e-m/nofp/libgcc.a(_arm_truncdfsf2.o)
                0x0000000000000a3c                __aeabi_d2f
                0x0000000000000a3c                __truncdfsf2
 .text          0x0000000000000adc      0x21c /home/atia/ncs/toolchains/43683a87ea/opt/zephyr-sdk/arm-zephyr-eabi/bin/../lib/gcc/arm-zephyr-eabi/12.2.0/thumb/v7e-m/nofp/libgcc.a(_arm_addsubsf3.o)
                0x0000000000000adc                __aeabi_frsub
                0x0000000000000ae4                __subsf3
                0x0000000000000ae4                __aeabi_fsub
                0x0000000000000ae8                __aeabi_fadd
                0x0000000000000ae8                __addsf3
                0x0000000000000c48                __aeabi_ui2f
                0x0000000000000c48                __floatunsisf
                0x0000000000000c50                __aeabi_i2f
                0x0000000000000c50                __floatsisf
                0x0000000000000c6c                __floatundisf
                0x0000000000000c6c                __aeabi_ul2f
                0x0000000000000c7c                __floatdisf
                0x0000000000000c7c                __aeabi_l2f
 .text          0x0000000000000cf8      0x2a0 /home/atia/ncs/toolchains/43683a87ea/opt/zephyr-sdk/arm-zephyr-eabi/bin/../lib/gcc/arm-zephyr-eabi/12.2.0/thumb/v7e-m/nofp/libgcc.a(_arm_muldivsf3.o)
                0x0000000000000cf8                __mulsf3
                0x0000000000000cf8                __aeabi_fmul
                0x0000000000000e60                __divsf3
                0x0000000000000e60                __aeabi_fdiv
 .text          0x0000000000000f98       0xec /home/atia/ncs/toolchains/43683a87ea/opt/zephyr-sdk/arm-zephyr-eabi/bin/../lib/gcc/arm-zephyr-eabi/12.2.0/thumb/v7e-m/nofp/libgcc.a(_arm_cmpsf2.o)
                0x0000000000000f98                __gtsf2
                0x0000000000000f98                __gesf2
                0x0000000000000fa0                __lesf2
                0x0000000000000fa0                __ltsf2
                0x0000000000000fa8                __nesf2
                0x0000000000000fa8                __eqsf2
                0x0000000000000fa8                __cmpsf2
                0x0000000000001008                __aeabi_cfrcmple
                0x0000000000001010                __aeabi_cfcmple
                0x0000000000001010                __aeabi_cfcmpeq
                0x0000000000001020                __aeabi_fcmpeq
                0x0000000000001034                __aeabi_fcmplt
                0x0000000000001048                __aeabi_fcmple
                0x000000000000105c                __aeabi_fcmpge
                0x0000000000001070                __aeabi_fcmpgt
 .text          0x0000000000001084       0x4c /home/atia/ncs/toolchains/43683a87ea/opt/zephyr-sdk/arm-zephyr-eabi/bin/../lib/gcc/arm-zephyr-eabi/12.2.0/thumb/v7e-m/nofp/libgcc.a(_arm_fixsfsi.o)
                0x0000000000001084                __fixsfsi
                0x0000000000001084                __aeabi_f2iz
 .text          0x00000000000010d0       0xa0 /home/atia/ncs/toolchains/43683a87ea/opt/zephyr-sdk/arm-zephyr-eabi/bin/../lib/gcc/arm-zephyr-eabi/12.2.0/thumb/v7e-m/nofp/libgcc.a(_aeabi_ldivmod.o)
                0x00000000000010d0                __aeabi_ldivmod
 .text          0x0000000000001170       0x30 /home/atia/ncs/toolchains/43683a87ea/opt/zephyr-sdk/arm-zephyr-eabi/bin/../lib/gcc/arm-zephyr-eabi/12.2.0/thumb/v7e-m/nofp/libgcc.a(_aeabi_uldivmod.o)
                0x0000000000001170                __aeabi_uldivmod
 .text          0x00000000000011a0        0x4 /home/atia/ncs/toolchains/43683a87ea/opt/zephyr-sdk/arm-zephyr-eabi/bin/../lib/gcc/arm-zephyr-eabi/12.2.0/thumb/v7e-m/nofp/libgcc.a(_dvmd_tls.o)
                0x00000000000011a0                __aeabi_ldiv0
                0x00000000000011a0                __aeabi_idiv0
 .text          0x00000000000011a4      0x2a0 /home/atia/ncs/toolchains/43683a87ea/opt/zephyr-sdk/arm-zephyr-eabi/bin/../lib/gcc/arm-zephyr-eabi/12.2.0/thumb/v7e-m/nofp/libgcc.a(_udivmoddi4.o)
                0x00000000000011a4                __udivmoddi4
 *(SORT_BY_ALIGNMENT(.text.*))
 *fill*         0x0000000000001444        0x4 
 .text.lsm6dso_gyro_convert
                0x0000000000001448       0x60 zephyr/drivers/sensor/st/lsm6dso/libdrivers__sensor__st__lsm6dso.a(lsm6dso.c.obj)
 .text.lsm6dso_attr_set
                0x00000000000014a8      0x1c8 zephyr/drivers/sensor/st/lsm6dso/libdrivers__sensor__st__lsm6dso.a(lsm6dso.c.obj)
 .text.lsm6dso_channel_get
                0x0000000000001670      0x110 zephyr/drivers/sensor/st/lsm6dso/libdrivers__sensor__st__lsm6dso.a(lsm6dso.c.obj)
 .text.exp      0x0000000000001780      0x2ec /home/atia/ncs/toolchains/43683a87ea/opt/zephyr-sdk/arm-zephyr-eabi/bin/../lib/gcc/../../picolibc/arm-zephyr-eabi/lib/thumb/v7e-m/nofp/libc.a(libm_math_s_exp.c.o)
                0x0000000000001780                exp
                0x0000000000001780                expl
 *fill*         0x0000000000001a6c        0x4 
 .text.logf     0x0000000000001a70      0x258 /home/atia/ncs/toolchains/43683a87ea/opt/zephyr-sdk/arm-zephyr-eabi/bin/../lib/gcc/../../picolibc/arm-zephyr-eabi/lib/thumb/v7e-m/nofp/libc.a(libm_math_sf_log.c.o)
                0x0000000000001a70                logf
 .text.main     0x0000000000001cc8       0x18 app/libapp.a(main.c.obj)
                0x0000000000001cc8                main
 .text.char_out
                0x0000000000001ce0        0xc zephyr/libzephyr.a(printk.c.obj)
 .text.__printk_hook_install
                0x0000000000001cec        0xc zephyr/libzephyr.a(printk.c.obj)
                0x0000000000001cec                __printk_hook_install
 .text.vprintk  0x0000000000001cf8       0x30 zephyr/libzephyr.a(printk.c.obj)
                0x0000000000001cf8                vprintk
 .text.z_thread_entry
                0x0000000000001d28       0x34 zephyr/libzephyr.a(thread_entry.c.obj)
                0x0000000000001d28                z_thread_entry
 .text.process_event
                0x0000000000001d5c      0x21c zephyr/libzephyr.a(onoff.c.obj)
 .text.mem_attr_get_regions
                0x0000000000001f78        0xc zephyr/libzephyr.a(mem_attr.c.obj)
                0x0000000000001f78                mem_attr_get_regions
 .text.usb_ep_get_transfer
                0x0000000000001f84       0x2c zephyr/libzephyr.a(usb_transfer.c.obj)
 .text.usb_transfer_work
                0x0000000000001fb0      0x100 zephyr/libzephyr.a(usb_transfer.c.obj)
 .text.usb_transfer_ep_callback
                0x00000000000020b0       0x5c zephyr/libzephyr.a(usb_transfer.c.obj)
                0x00000000000020b0                usb_transfer_ep_callback
 .text.usb_transfer
                0x000000000000210c       0xe0 zephyr/libzephyr.a(usb_transfer.c.obj)
                0x000000000000210c                usb_transfer
 .text.cdc_acm_irq_rx_enable
                0x00000000000021ec       0x20 zephyr/libzephyr.a(cdc_acm.c.obj)
 .text.cdc_acm_irq_tx_enable
                0x000000000000220c       0x20 zephyr/libzephyr.a(cdc_acm.c.obj)
 .text.cdc_acm_fifo_fill
                0x000000000000222c       0x3c zephyr/libzephyr.a(cdc_acm.c.obj)
 .text.cdc_acm_write_cb
                0x0000000000002268       0x54 zephyr/libzephyr.a(cdc_acm.c.obj)
 .text.cdc_acm_class_handle_req
                0x00000000000022bc       0x64 zephyr/libzephyr.a(cdc_acm.c.obj)
                0x00000000000022bc                cdc_acm_class_handle_req
 .text.cdc_acm_int_in
                0x0000000000002320       0x18 zephyr/libzephyr.a(cdc_acm.c.obj)
 .text.cdc_acm_reset_port
                0x0000000000002338       0x3c zephyr/libzephyr.a(cdc_acm.c.obj)
 .text.cdc_acm_init
                0x0000000000002374       0x48 zephyr/libzephyr.a(cdc_acm.c.obj)
 .text.cdc_acm_poll_out
                0x00000000000023bc       0x84 zephyr/libzephyr.a(cdc_acm.c.obj)
 .text.tx_work_handler
                0x0000000000002440       0x78 zephyr/libzephyr.a(cdc_acm.c.obj)
 .text.cdc_acm_read_cb
                0x00000000000024b8       0x74 zephyr/libzephyr.a(cdc_acm.c.obj)
 .text.cdc_acm_dev_status_cb
                0x000000000000252c       0x84 zephyr/libzephyr.a(cdc_acm.c.obj)
 .text.z_usb_work_q_init
                0x00000000000025b0       0x34 zephyr/libzephyr.a(usb_work_q.c.obj)
 .text.boot_banner
                0x00000000000025e4       0x1c zephyr/libzephyr.a(banner.c.obj)
                0x00000000000025e4                boot_banner
 .text.max32664c_set_mode_algo.constprop.0
                0x0000000000002600      0x154 zephyr/libzephyr.a(max32664c.c.obj)
 .text.max32664c_attr_set
                0x0000000000002754      0x34c zephyr/libzephyr.a(max32664c.c.obj)
 .text.max32664c_init_hub
                0x0000000000002aa0      0x300 zephyr/libzephyr.a(max32664c_init.c.obj)
                0x0000000000002aa0                max32664c_init_hub
 .text.nrf_cc3xx_platform_abort_init
                0x0000000000002da0        0xc zephyr/libzephyr.a(nrf_cc3xx_platform_abort_zephyr.c.obj)
                0x0000000000002da0                nrf_cc3xx_platform_abort_init
 .text.mutex_free_platform
                0x0000000000002dac       0x54 zephyr/libzephyr.a(nrf_cc3xx_platform_mutex_zephyr.c.obj)
 .text.mutex_lock_platform
                0x0000000000002e00       0x60 zephyr/libzephyr.a(nrf_cc3xx_platform_mutex_zephyr.c.obj)
 .text.mutex_unlock_platform
                0x0000000000002e60       0x58 zephyr/libzephyr.a(nrf_cc3xx_platform_mutex_zephyr.c.obj)
 .text.mutex_init_platform
                0x0000000000002eb8       0x94 zephyr/libzephyr.a(nrf_cc3xx_platform_mutex_zephyr.c.obj)
 .text.nrf_cc3xx_platform_mutex_init
                0x0000000000002f4c       0x2c zephyr/libzephyr.a(nrf_cc3xx_platform_mutex_zephyr.c.obj)
                0x0000000000002f4c                nrf_cc3xx_platform_mutex_init
 .text.arch_bss_zero
                0x0000000000002f78       0x18 zephyr/arch/common/libarch__common.a(init.c.obj)
                0x0000000000002f78                arch_bss_zero
 .text.arch_data_copy
                0x0000000000002f90       0x38 zephyr/arch/common/libarch__common.a(xip.c.obj)
                0x0000000000002f90                arch_data_copy
 .text.z_arm_fatal_error
                0x0000000000002fc8       0x60 zephyr/arch/arch/arm/core/libarch__arm__core.a(fatal.c.obj)
                0x0000000000002fc8                z_arm_fatal_error
 .text.z_SysNmiOnReset
                0x0000000000003028        0x8 zephyr/arch/arch/arm/core/libarch__arm__core.a(nmi_on_reset.S.obj)
                0x0000000000003028                z_SysNmiOnReset
 .text.arch_tls_stack_setup
                0x0000000000003030       0x40 zephyr/arch/arch/arm/core/libarch__arm__core.a(tls.c.obj)
                0x0000000000003030                arch_tls_stack_setup
 .text._HandlerModeExit
                0x0000000000003070       0x20 zephyr/arch/arch/arm/core/cortex_m/libarch__arm__core__cortex_m.a(exc_exit.c.obj)
                0x0000000000003070                z_arm_exc_exit
                0x0000000000003070                z_arm_int_exit
 .text.mem_manage_fault
                0x0000000000003090       0xf0 zephyr/arch/arch/arm/core/cortex_m/libarch__arm__core__cortex_m.a(fault.c.obj)
 .text.usage_fault.constprop.0
                0x0000000000003180       0x98 zephyr/arch/arch/arm/core/cortex_m/libarch__arm__core__cortex_m.a(fault.c.obj)
 .text.bus_fault.constprop.0
                0x0000000000003218       0xb8 zephyr/arch/arch/arm/core/cortex_m/libarch__arm__core__cortex_m.a(fault.c.obj)
 .text.z_arm_fault
                0x00000000000032d0      0x1a0 zephyr/arch/arch/arm/core/cortex_m/libarch__arm__core__cortex_m.a(fault.c.obj)
                0x00000000000032d0                z_arm_fault
 .text.z_arm_fault_init
                0x0000000000003470       0x18 zephyr/arch/arch/arm/core/cortex_m/libarch__arm__core__cortex_m.a(fault.c.obj)
                0x0000000000003470                z_arm_fault_init
 .text.__fault  0x0000000000003488       0x14 zephyr/arch/arch/arm/core/cortex_m/libarch__arm__core__cortex_m.a(fault_s.S.obj)
                0x0000000000003488                z_arm_bus_fault
                0x0000000000003488                z_arm_usage_fault
                0x0000000000003488                z_arm_mpu_fault
                0x0000000000003488                z_arm_exc_spurious
                0x0000000000003488                z_arm_debug_monitor
                0x0000000000003488                z_arm_hard_fault
 .text._reset_section
                0x000000000000349c       0x54 zephyr/arch/arch/arm/core/cortex_m/libarch__arm__core__cortex_m.a(reset.S.obj)
                0x000000000000349c                z_arm_reset
                0x000000000000349c                __start
 .text.z_arm_clear_arm_mpu_config
                0x00000000000034f0       0x24 zephyr/arch/arch/arm/core/cortex_m/libarch__arm__core__cortex_m.a(scb.c.obj)
                0x00000000000034f0                z_arm_clear_arm_mpu_config
 .text.z_arm_init_arch_hw_at_boot
                0x0000000000003514       0x64 zephyr/arch/arch/arm/core/cortex_m/libarch__arm__core__cortex_m.a(scb.c.obj)
                0x0000000000003514                z_arm_init_arch_hw_at_boot
 .text.z_impl_k_thread_abort
                0x0000000000003578       0x2c zephyr/arch/arch/arm/core/cortex_m/libarch__arm__core__cortex_m.a(thread_abort.c.obj)
                0x0000000000003578                z_impl_k_thread_abort
 .text.z_arm_pendsv
                0x00000000000035a4       0x60 zephyr/arch/arch/arm/core/cortex_m/libarch__arm__core__cortex_m.a(swap_helper.S.obj)
                0x00000000000035a4                z_arm_pendsv
 .text.z_arm_svc
                0x0000000000003604       0x24 zephyr/arch/arch/arm/core/cortex_m/libarch__arm__core__cortex_m.a(swap_helper.S.obj)
                0x0000000000003604                z_arm_svc
 .text.arm_irq_enable
                0x0000000000003628       0x1c zephyr/arch/arch/arm/core/cortex_m/libarch__arm__core__cortex_m.a(irq_manage.c.obj)
                0x0000000000003628                arm_irq_enable
 .text.arm_irq_disable
                0x0000000000003644       0x28 zephyr/arch/arch/arm/core/cortex_m/libarch__arm__core__cortex_m.a(irq_manage.c.obj)
                0x0000000000003644                arm_irq_disable
 .text.arm_irq_is_enabled
                0x000000000000366c       0x1c zephyr/arch/arch/arm/core/cortex_m/libarch__arm__core__cortex_m.a(irq_manage.c.obj)
                0x000000000000366c                arm_irq_is_enabled
 .text.arm_irq_priority_set
                0x0000000000003688       0x30 zephyr/arch/arch/arm/core/cortex_m/libarch__arm__core__cortex_m.a(irq_manage.c.obj)
                0x0000000000003688                arm_irq_priority_set
 .text.relocate_vector_table
                0x00000000000036b8       0x1c zephyr/arch/arch/arm/core/cortex_m/libarch__arm__core__cortex_m.a(prep_c.c.obj)
                0x00000000000036b8                relocate_vector_table
 .text.z_prep_c
                0x00000000000036d4       0x28 zephyr/arch/arch/arm/core/cortex_m/libarch__arm__core__cortex_m.a(prep_c.c.obj)
                0x00000000000036d4                z_prep_c
 .text.arch_new_thread
                0x00000000000036fc       0x38 zephyr/arch/arch/arm/core/cortex_m/libarch__arm__core__cortex_m.a(thread.c.obj)
                0x00000000000036fc                arch_new_thread
 .text.z_check_thread_stack_fail
                0x0000000000003734       0x2c zephyr/arch/arch/arm/core/cortex_m/libarch__arm__core__cortex_m.a(thread.c.obj)
                0x0000000000003734                z_check_thread_stack_fail
 .text.arch_switch_to_main_thread
                0x0000000000003760       0x3c zephyr/arch/arch/arm/core/cortex_m/libarch__arm__core__cortex_m.a(thread.c.obj)
                0x0000000000003760                arch_switch_to_main_thread
 .text.z_arm_cpu_idle_init
                0x000000000000379c        0xc zephyr/arch/arch/arm/core/cortex_m/libarch__arm__core__cortex_m.a(cpu_idle.c.obj)
                0x000000000000379c                z_arm_cpu_idle_init
 .text.z_arm_interrupt_init
                0x00000000000037a8       0x18 zephyr/arch/arch/arm/core/cortex_m/libarch__arm__core__cortex_m.a(irq_init.c.obj)
                0x00000000000037a8                z_arm_interrupt_init
 .text._isr_wrapper
                0x00000000000037c0       0x24 zephyr/arch/arch/arm/core/cortex_m/libarch__arm__core__cortex_m.a(isr_wrapper.c.obj)
                0x00000000000037c0                _isr_wrapper
 .text.z_arm_configure_static_mpu_regions
                0x00000000000037e4       0x18 zephyr/arch/arch/arm/core/mpu/libarch__arm__core__mpu.a(arm_core_mpu.c.obj)
                0x00000000000037e4                z_arm_configure_static_mpu_regions
 .text.z_arm_configure_dynamic_mpu_regions
                0x00000000000037fc       0x20 zephyr/arch/arch/arm/core/mpu/libarch__arm__core__mpu.a(arm_core_mpu.c.obj)
                0x00000000000037fc                z_arm_configure_dynamic_mpu_regions
 .text.region_init
                0x000000000000381c       0x28 zephyr/arch/arch/arm/core/mpu/libarch__arm__core__mpu.a(arm_mpu.c.obj)
 .text.mpu_configure_regions
                0x0000000000003844       0x6c zephyr/arch/arch/arm/core/mpu/libarch__arm__core__mpu.a(arm_mpu.c.obj)
 .text.arm_core_mpu_enable
                0x00000000000038b0       0x18 zephyr/arch/arch/arm/core/mpu/libarch__arm__core__mpu.a(arm_mpu.c.obj)
                0x00000000000038b0                arm_core_mpu_enable
 .text.arm_core_mpu_disable
                0x00000000000038c8       0x14 zephyr/arch/arch/arm/core/mpu/libarch__arm__core__mpu.a(arm_mpu.c.obj)
                0x00000000000038c8                arm_core_mpu_disable
 .text.arm_core_mpu_configure_static_mpu_regions
                0x00000000000038dc       0x14 zephyr/arch/arch/arm/core/mpu/libarch__arm__core__mpu.a(arm_mpu.c.obj)
                0x00000000000038dc                arm_core_mpu_configure_static_mpu_regions
 .text.arm_core_mpu_configure_dynamic_mpu_regions
                0x00000000000038f0       0x38 zephyr/arch/arch/arm/core/mpu/libarch__arm__core__mpu.a(arm_mpu.c.obj)
                0x00000000000038f0                arm_core_mpu_configure_dynamic_mpu_regions
 .text.z_arm_mpu_init
                0x0000000000003928      0x168 zephyr/arch/arch/arm/core/mpu/libarch__arm__core__mpu.a(arm_mpu.c.obj)
                0x0000000000003928                z_arm_mpu_init
 .text.z_impl_zephyr_fputc
                0x0000000000003a90       0x10 zephyr/lib/libc/picolibc/liblib__libc__picolibc.a(stdio.c.obj)
                0x0000000000003a90                z_impl_zephyr_fputc
 .text.__stdout_hook_install
                0x0000000000003aa0       0x18 zephyr/lib/libc/picolibc/liblib__libc__picolibc.a(stdio.c.obj)
                0x0000000000003aa0                __stdout_hook_install
 .text.malloc_prepare
                0x0000000000003ab8       0x24 zephyr/lib/libc/common/liblib__libc__common.a(malloc.c.obj)
 .text.nordicsemi_nrf52_init
                0x0000000000003adc       0x10 zephyr/soc/soc/nrf52840/libsoc__nordic.a(soc.c.obj)
 .text.arch_busy_wait
                0x0000000000003aec       0x24 zephyr/soc/soc/nrf52840/libsoc__nordic.a(soc.c.obj)
                0x0000000000003aec                arch_busy_wait
 .text.endpoint_ctx
                0x0000000000003b10       0x60 zephyr/drivers/usb/device/libdrivers__usb__device.a(usb_dc_nrfx.c.obj)
 .text.usbd_work_schedule
                0x0000000000003b70       0x10 zephyr/drivers/usb/device/libdrivers__usb__device.a(usb_dc_nrfx.c.obj)
 .text.usbd_evt_put
                0x0000000000003b80        0xc zephyr/drivers/usb/device/libdrivers__usb__device.a(usb_dc_nrfx.c.obj)
 .text.usbd_evt_get
                0x0000000000003b8c       0x10 zephyr/drivers/usb/device/libdrivers__usb__device.a(usb_dc_nrfx.c.obj)
 .text.usb_init
                0x0000000000003b9c       0x70 zephyr/drivers/usb/device/libdrivers__usb__device.a(usb_dc_nrfx.c.obj)
 .text.hfxo_stop.constprop.0.isra.0
                0x0000000000003c0c       0x40 zephyr/drivers/usb/device/libdrivers__usb__device.a(usb_dc_nrfx.c.obj)
 .text.eps_ctx_init
                0x0000000000003c4c       0x68 zephyr/drivers/usb/device/libdrivers__usb__device.a(usb_dc_nrfx.c.obj)
 .text.usbd_evt_flush
                0x0000000000003cb4       0x1c zephyr/drivers/usb/device/libdrivers__usb__device.a(usb_dc_nrfx.c.obj)
 .text.usbd_evt_alloc
                0x0000000000003cd0       0x44 zephyr/drivers/usb/device/libdrivers__usb__device.a(usb_dc_nrfx.c.obj)
 .text.usb_dc_power_event_handler
                0x0000000000003d14       0x34 zephyr/drivers/usb/device/libdrivers__usb__device.a(usb_dc_nrfx.c.obj)
 .text.usbd_event_transfer_data
                0x0000000000003d48       0xa8 zephyr/drivers/usb/device/libdrivers__usb__device.a(usb_dc_nrfx.c.obj)
 .text.usbd_event_handler
                0x0000000000003df0      0x11c zephyr/drivers/usb/device/libdrivers__usb__device.a(usb_dc_nrfx.c.obj)
 .text.usbd_work_handler
                0x0000000000003f0c      0x2e0 zephyr/drivers/usb/device/libdrivers__usb__device.a(usb_dc_nrfx.c.obj)
 .text.usb_dc_ep_write
                0x00000000000041ec       0xf8 zephyr/drivers/usb/device/libdrivers__usb__device.a(usb_dc_nrfx.c.obj)
                0x00000000000041ec                usb_dc_ep_write
 .text.usb_dc_ep_read_wait
                0x00000000000042e4       0x90 zephyr/drivers/usb/device/libdrivers__usb__device.a(usb_dc_nrfx.c.obj)
                0x00000000000042e4                usb_dc_ep_read_wait
 .text.usb_dc_ep_read_continue
                0x0000000000004374       0x84 zephyr/drivers/usb/device/libdrivers__usb__device.a(usb_dc_nrfx.c.obj)
                0x0000000000004374                usb_dc_ep_read_continue
 .text.usb_dc_ep_mps
                0x00000000000043f8       0x24 zephyr/drivers/usb/device/libdrivers__usb__device.a(usb_dc_nrfx.c.obj)
                0x00000000000043f8                usb_dc_ep_mps
 .text.nrf52_errata_187
                0x000000000000441c       0x28 zephyr/drivers/usb/common/nrf_usbd_common/libdrivers__usb__common__nrf_usbd_common.a(nrf_usbd_common.c.obj)
 .text.ep_state_access
                0x0000000000004444       0x20 zephyr/drivers/usb/common/nrf_usbd_common/libdrivers__usb__common__nrf_usbd_common.a(nrf_usbd_common.c.obj)
 .text.usbd_errata_187_211_begin
                0x0000000000004464       0x3c zephyr/drivers/usb/common/nrf_usbd_common/libdrivers__usb__common__nrf_usbd_common.a(nrf_usbd_common.c.obj)
 .text.usbd_errata_187_211_end
                0x00000000000044a0       0x3c zephyr/drivers/usb/common/nrf_usbd_common/libdrivers__usb__common__nrf_usbd_common.a(nrf_usbd_common.c.obj)
 .text.usbd_dma_pending_clear
                0x00000000000044dc       0x1c zephyr/drivers/usb/common/nrf_usbd_common/libdrivers__usb__common__nrf_usbd_common.a(nrf_usbd_common.c.obj)
 .text.nrf_usbd_common_uninit
                0x00000000000044f8       0x14 zephyr/drivers/usb/common/nrf_usbd_common/libdrivers__usb__common__nrf_usbd_common.a(nrf_usbd_common.c.obj)
                0x00000000000044f8                nrf_usbd_common_uninit
 .text.nrf_usbd_common_enable
                0x000000000000450c      0x148 zephyr/drivers/usb/common/nrf_usbd_common/libdrivers__usb__common__nrf_usbd_common.a(nrf_usbd_common.c.obj)
                0x000000000000450c                nrf_usbd_common_enable
 .text.nrf_usbd_common_start
                0x0000000000004654       0x38 zephyr/drivers/usb/common/nrf_usbd_common/libdrivers__usb__common__nrf_usbd_common.a(nrf_usbd_common.c.obj)
                0x0000000000004654                nrf_usbd_common_start
 .text.nrf_usbd_common_is_enabled
                0x000000000000468c       0x14 zephyr/drivers/usb/common/nrf_usbd_common/libdrivers__usb__common__nrf_usbd_common.a(nrf_usbd_common.c.obj)
                0x000000000000468c                nrf_usbd_common_is_enabled
 .text.nrf_usbd_common_suspend
                0x00000000000046a0       0x6c zephyr/drivers/usb/common/nrf_usbd_common/libdrivers__usb__common__nrf_usbd_common.a(nrf_usbd_common.c.obj)
                0x00000000000046a0                nrf_usbd_common_suspend
 .text.nrf_usbd_common_init
                0x000000000000470c       0x84 zephyr/drivers/usb/common/nrf_usbd_common/libdrivers__usb__common__nrf_usbd_common.a(nrf_usbd_common.c.obj)
                0x000000000000470c                nrf_usbd_common_init
 .text.nrf_usbd_common_ep_enable_check
                0x0000000000004790       0x28 zephyr/drivers/usb/common/nrf_usbd_common/libdrivers__usb__common__nrf_usbd_common.a(nrf_usbd_common.c.obj)
                0x0000000000004790                nrf_usbd_common_ep_enable_check
 .text.nrf_usbd_common_ep_transfer
                0x00000000000047b8       0x98 zephyr/drivers/usb/common/nrf_usbd_common/libdrivers__usb__common__nrf_usbd_common.a(nrf_usbd_common.c.obj)
                0x00000000000047b8                nrf_usbd_common_ep_transfer
 .text.nrf_usbd_common_epout_size_get
                0x0000000000004850       0x28 zephyr/drivers/usb/common/nrf_usbd_common/libdrivers__usb__common__nrf_usbd_common.a(nrf_usbd_common.c.obj)
                0x0000000000004850                nrf_usbd_common_epout_size_get
 .text.nrf_usbd_common_irq_handler
                0x0000000000004878      0x494 zephyr/drivers/usb/common/nrf_usbd_common/libdrivers__usb__common__nrf_usbd_common.a(nrf_usbd_common.c.obj)
                0x0000000000004878                nrf_usbd_common_irq_handler
 .text.nrf_usbd_common_setup_get
                0x0000000000004d0c       0x44 zephyr/drivers/usb/common/nrf_usbd_common/libdrivers__usb__common__nrf_usbd_common.a(nrf_usbd_common.c.obj)
                0x0000000000004d0c                nrf_usbd_common_setup_get
 .text.nrf_usbd_common_setup_data_clear
                0x0000000000004d50        0xc zephyr/drivers/usb/common/nrf_usbd_common/libdrivers__usb__common__nrf_usbd_common.a(nrf_usbd_common.c.obj)
                0x0000000000004d50                nrf_usbd_common_setup_data_clear
 .text.nrf_usbd_common_setup_clear
                0x0000000000004d5c        0xc zephyr/drivers/usb/common/nrf_usbd_common/libdrivers__usb__common__nrf_usbd_common.a(nrf_usbd_common.c.obj)
                0x0000000000004d5c                nrf_usbd_common_setup_clear
 .text.nrf_usbd_common_last_setup_dir_get
                0x0000000000004d68        0xc zephyr/drivers/usb/common/nrf_usbd_common/libdrivers__usb__common__nrf_usbd_common.a(nrf_usbd_common.c.obj)
                0x0000000000004d68                nrf_usbd_common_last_setup_dir_get
 .text.nrf_usbd_common_transfer_out_drop
                0x0000000000004d74       0x4c zephyr/drivers/usb/common/nrf_usbd_common/libdrivers__usb__common__nrf_usbd_common.a(nrf_usbd_common.c.obj)
                0x0000000000004d74                nrf_usbd_common_transfer_out_drop
 .text.usbd_ep_abort
                0x0000000000004dc0       0xf0 zephyr/drivers/usb/common/nrf_usbd_common/libdrivers__usb__common__nrf_usbd_common.a(nrf_usbd_common.c.obj)
 .text.nrf_usbd_common_ep_abort
                0x0000000000004eb0       0x34 zephyr/drivers/usb/common/nrf_usbd_common/libdrivers__usb__common__nrf_usbd_common.a(nrf_usbd_common.c.obj)
                0x0000000000004eb0                nrf_usbd_common_ep_abort
 .text.nrf_usbd_common_disable
                0x0000000000004ee4       0xd4 zephyr/drivers/usb/common/nrf_usbd_common/libdrivers__usb__common__nrf_usbd_common.a(nrf_usbd_common.c.obj)
                0x0000000000004ee4                nrf_usbd_common_disable
 .text.nrf_usbd_common_ep_enable
                0x0000000000004fb8       0x70 zephyr/drivers/usb/common/nrf_usbd_common/libdrivers__usb__common__nrf_usbd_common.a(nrf_usbd_common.c.obj)
                0x0000000000004fb8                nrf_usbd_common_ep_enable
 .text.onoff_stop
                0x0000000000005028       0x30 zephyr/drivers/clock_control/libdrivers__clock_control.a(clock_control_nrf.c.obj)
 .text.onoff_start
                0x0000000000005058       0x44 zephyr/drivers/clock_control/libdrivers__clock_control.a(clock_control_nrf.c.obj)
 .text.clk_init
                0x000000000000509c       0x58 zephyr/drivers/clock_control/libdrivers__clock_control.a(clock_control_nrf.c.obj)
 .text.api_blocking_start
                0x00000000000050f4       0x34 zephyr/drivers/clock_control/libdrivers__clock_control.a(clock_control_nrf.c.obj)
 .text.generic_hfclk_stop
                0x0000000000005128       0x34 zephyr/drivers/clock_control/libdrivers__clock_control.a(clock_control_nrf.c.obj)
 .text.clkstarted_handle.constprop.0
                0x000000000000515c       0x4c zephyr/drivers/clock_control/libdrivers__clock_control.a(clock_control_nrf.c.obj)
 .text.generic_hfclk_start
                0x00000000000051a8       0x78 zephyr/drivers/clock_control/libdrivers__clock_control.a(clock_control_nrf.c.obj)
 .text.clock_event_handler
                0x0000000000005220       0x1c zephyr/drivers/clock_control/libdrivers__clock_control.a(clock_control_nrf.c.obj)
 .text.z_nrf_clock_control_get_onoff
                0x000000000000523c       0x10 zephyr/drivers/clock_control/libdrivers__clock_control.a(clock_control_nrf.c.obj)
                0x000000000000523c                z_nrf_clock_control_get_onoff
 .text.z_nrf_clock_control_lf_on
                0x000000000000524c       0xfc zephyr/drivers/clock_control/libdrivers__clock_control.a(clock_control_nrf.c.obj)
                0x000000000000524c                z_nrf_clock_control_lf_on
 .text.uart_console_init
                0x0000000000005348       0x28 zephyr/drivers/console/libdrivers__console.a(uart_console.c.obj)
 .text.console_out
                0x0000000000005370       0x28 zephyr/drivers/console/libdrivers__console.a(uart_console.c.obj)
 .text.gc9x01x_init
                0x0000000000005398      0x184 zephyr/drivers/display/libdrivers__display.a(display_gc9x01x.c.obj)
 .text.gpio_nrfx_pin_interrupt_configure
                0x000000000000551c       0xfc zephyr/drivers/gpio/libdrivers__gpio.a(gpio_nrfx.c.obj)
 .text.nrfx_gpio_handler
                0x0000000000005618       0x4c zephyr/drivers/gpio/libdrivers__gpio.a(gpio_nrfx.c.obj)
 .text.gpio_nrfx_init
                0x0000000000005664       0x3c zephyr/drivers/gpio/libdrivers__gpio.a(gpio_nrfx.c.obj)
 .text.gpio_nrfx_pin_configure
                0x00000000000056a0      0x180 zephyr/drivers/gpio/libdrivers__gpio.a(gpio_nrfx.c.obj)
 .text.pre_init0
                0x0000000000005820       0x20 zephyr/drivers/i2c/libdrivers__i2c.a(i2c_nrfx_twim.c.obj)
 .text.mfd_npm13xx_init
                0x0000000000005840      0x11c zephyr/drivers/mfd/libdrivers__mfd.a(mfd_npm13xx.c.obj)
 .text.work_callback
                0x000000000000595c       0xc4 zephyr/drivers/mfd/libdrivers__mfd.a(mfd_npm13xx.c.obj)
 .text.pinctrl_configure_pins
                0x0000000000005a20      0x12c zephyr/drivers/pinctrl/libdrivers__pinctrl.a(pinctrl_nrf.c.obj)
                0x0000000000005a20                pinctrl_configure_pins
 .text.regulator_delay
                0x0000000000005b4c       0x2c zephyr/drivers/regulator/libdrivers__regulator.a(regulator_common.c.obj)
 .text.linear_range_get_value.constprop.0
                0x0000000000005b78       0x20 zephyr/drivers/regulator/libdrivers__regulator.a(regulator_npm13xx.c.obj)
 .text.linear_range_get_win_index.constprop.0
                0x0000000000005b98       0x5c zephyr/drivers/regulator/libdrivers__regulator.a(regulator_npm13xx.c.obj)
 .text.hfclk_on_callback
                0x0000000000005bf4        0xc zephyr/drivers/sensor/nordic/temp/libdrivers__sensor__nordic__temp.a(temp_nrf5.c.obj)
 .text.temp_nrf5_channel_get
                0x0000000000005c00       0x2c zephyr/drivers/sensor/nordic/temp/libdrivers__sensor__nordic__temp.a(temp_nrf5.c.obj)
 .text.temp_nrf5_isr
                0x0000000000005c2c       0x18 zephyr/drivers/sensor/nordic/temp/libdrivers__sensor__nordic__temp.a(temp_nrf5.c.obj)
 .text.temp_nrf5_sample_fetch
                0x0000000000005c44       0x78 zephyr/drivers/sensor/nordic/temp/libdrivers__sensor__nordic__temp.a(temp_nrf5.c.obj)
 .text.temp_nrf5_init
                0x0000000000005cbc       0x40 zephyr/drivers/sensor/nordic/temp/libdrivers__sensor__nordic__temp.a(temp_nrf5.c.obj)
 .text.npm13xx_charger_attr_get
                0x0000000000005cfc       0xd0 zephyr/drivers/sensor/nordic/npm13xx_charger/libdrivers__sensor__nordic__npm13xx_charger.a(npm13xx_charger.c.obj)
 .text.npm13xx_charger_attr_set
                0x0000000000005dcc       0x7c zephyr/drivers/sensor/nordic/npm13xx_charger/libdrivers__sensor__nordic__npm13xx_charger.a(npm13xx_charger.c.obj)
 .text.npm13xx_charger_init
                0x0000000000005e48      0x2f8 zephyr/drivers/sensor/nordic/npm13xx_charger/libdrivers__sensor__nordic__npm13xx_charger.a(npm13xx_charger.c.obj)
                0x0000000000005e48                npm13xx_charger_init
 .text.npm13xx_charger_channel_get
                0x0000000000006140      0x1c0 zephyr/drivers/sensor/nordic/npm13xx_charger/libdrivers__sensor__nordic__npm13xx_charger.a(npm13xx_charger.c.obj)
                0x0000000000006140                npm13xx_charger_channel_get
 .text.lsm6dso_init
                0x0000000000006300      0x160 zephyr/drivers/sensor/st/lsm6dso/libdrivers__sensor__st__lsm6dso.a(lsm6dso.c.obj)
 .text.spi_nrfx_transceive
                0x0000000000006460      0x340 zephyr/drivers/spi/libdrivers__spi.a(spi_nrfx_spi.c.obj)
 .text.nrf_gpio_cfg_input
                0x00000000000067a0       0x40 zephyr/drivers/spi/libdrivers__spi.a(spi_nrfx_common.c.obj)
 .text.compare_int_lock
                0x00000000000067e0       0x48 zephyr/drivers/timer/libdrivers__timer.a(nrf_rtc_timer.c.obj)
 .text.sys_clock_timeout_handler
                0x0000000000006828       0x48 zephyr/drivers/timer/libdrivers__timer.a(nrf_rtc_timer.c.obj)
 .text.compare_int_unlock
                0x0000000000006870       0x5c zephyr/drivers/timer/libdrivers__timer.a(nrf_rtc_timer.c.obj)
 .text.z_nrf_rtc_timer_read
                0x00000000000068cc       0x44 zephyr/drivers/timer/libdrivers__timer.a(nrf_rtc_timer.c.obj)
                0x00000000000068cc                z_nrf_rtc_timer_read
 .text.compare_set
                0x0000000000006910      0x130 zephyr/drivers/timer/libdrivers__timer.a(nrf_rtc_timer.c.obj)
 .text.sys_clock_driver_init
                0x0000000000006a40       0x90 zephyr/drivers/timer/libdrivers__timer.a(nrf_rtc_timer.c.obj)
 .text.rtc_nrf_isr
                0x0000000000006ad0       0xd4 zephyr/drivers/timer/libdrivers__timer.a(nrf_rtc_timer.c.obj)
                0x0000000000006ad0                rtc_nrf_isr
 .text.sys_clock_set_timeout
                0x0000000000006ba4       0x5c zephyr/drivers/timer/libdrivers__timer.a(nrf_rtc_timer.c.obj)
                0x0000000000006ba4                sys_clock_set_timeout
 .text.sys_clock_elapsed
                0x0000000000006c00       0x14 zephyr/drivers/timer/libdrivers__timer.a(nrf_rtc_timer.c.obj)
                0x0000000000006c00                sys_clock_elapsed
 .text.nrf52_errata_98
                0x0000000000006c14       0x24 modules/hal_nordic/modules/hal_nordic/nrfx/libmodules__hal_nordic__nrfx.a(system_nrf52840.c.obj)
 .text.SystemInit
                0x0000000000006c38      0x154 modules/hal_nordic/modules/hal_nordic/nrfx/libmodules__hal_nordic__nrfx.a(system_nrf52840.c.obj)
                0x0000000000006c38                SystemInit
 .text.hfclk_event_handler
                0x0000000000006d8c        0xc modules/hal_nordic/modules/hal_nordic/nrfx/libmodules__hal_nordic__nrfx.a(nrfx_clock.c.obj)
 .text.lfclk_event_handler
                0x0000000000006d98        0xc modules/hal_nordic/modules/hal_nordic/nrfx/libmodules__hal_nordic__nrfx.a(nrfx_clock.c.obj)
 .text.nrfx_clock_init
                0x0000000000006da4       0x40 modules/hal_nordic/modules/hal_nordic/nrfx/libmodules__hal_nordic__nrfx.a(nrfx_clock.c.obj)
                0x0000000000006da4                nrfx_clock_init
 .text.nrfx_clock_enable
                0x0000000000006de4       0x24 modules/hal_nordic/modules/hal_nordic/nrfx/libmodules__hal_nordic__nrfx.a(nrfx_clock.c.obj)
                0x0000000000006de4                nrfx_clock_enable
 .text.nrf52_errata_201
                0x0000000000006e08       0x24 modules/hal_nordic/modules/hal_nordic/nrfx/libmodules__hal_nordic__nrfx.a(nrfx_clock_hfclk.c.obj)
 .text.clock_stop
                0x0000000000006e2c       0x4c modules/hal_nordic/modules/hal_nordic/nrfx/libmodules__hal_nordic__nrfx.a(nrfx_clock_hfclk.c.obj)
 .text.nrfx_clock_hfclk_init
                0x0000000000006e78       0x28 modules/hal_nordic/modules/hal_nordic/nrfx/libmodules__hal_nordic__nrfx.a(nrfx_clock_hfclk.c.obj)
                0x0000000000006e78                nrfx_clock_hfclk_init
 .text.nrfx_clock_hfclk_start
                0x0000000000006ea0       0x38 modules/hal_nordic/modules/hal_nordic/nrfx/libmodules__hal_nordic__nrfx.a(nrfx_clock_hfclk.c.obj)
                0x0000000000006ea0                nrfx_clock_hfclk_start
 .text.nrfx_clock_hfclk_irq_handler
                0x0000000000006ed8       0x40 modules/hal_nordic/modules/hal_nordic/nrfx/libmodules__hal_nordic__nrfx.a(nrfx_clock_hfclk.c.obj)
                0x0000000000006ed8                nrfx_clock_hfclk_irq_handler
 .text.nrfx_clock_lfclk_init
                0x0000000000006f18       0x24 modules/hal_nordic/modules/hal_nordic/nrfx/libmodules__hal_nordic__nrfx.a(nrfx_clock_lfclk.c.obj)
                0x0000000000006f18                nrfx_clock_lfclk_init
 .text.nrfx_clock_lfclk_start
                0x0000000000006f3c       0x80 modules/hal_nordic/modules/hal_nordic/nrfx/libmodules__hal_nordic__nrfx.a(nrfx_clock_lfclk.c.obj)
                0x0000000000006f3c                nrfx_clock_lfclk_start
 .text.nrfx_clock_lfclk_irq_handler
                0x0000000000006fbc       0x70 modules/hal_nordic/modules/hal_nordic/nrfx/libmodules__hal_nordic__nrfx.a(nrfx_clock_lfclk.c.obj)
                0x0000000000006fbc                nrfx_clock_lfclk_irq_handler
 .text.nrf_gpio_pin_port_decode
                0x000000000000702c       0x20 modules/hal_nordic/modules/hal_nordic/nrfx/libmodules__hal_nordic__nrfx.a(nrfx_gpiote.c.obj)
 .text.get_pin_idx
                0x000000000000704c       0x14 modules/hal_nordic/modules/hal_nordic/nrfx/libmodules__hal_nordic__nrfx.a(nrfx_gpiote.c.obj)
 .text.latch_pending_read_and_check
                0x0000000000007060       0x64 modules/hal_nordic/modules/hal_nordic/nrfx/libmodules__hal_nordic__nrfx.a(nrfx_gpiote.c.obj)
 .text.pin_uninit
                0x00000000000070c4       0x7c modules/hal_nordic/modules/hal_nordic/nrfx/libmodules__hal_nordic__nrfx.a(nrfx_gpiote.c.obj)
 .text.nrfx_gpiote_channel_free
                0x0000000000007140        0xc modules/hal_nordic/modules/hal_nordic/nrfx/libmodules__hal_nordic__nrfx.a(nrfx_gpiote.c.obj)
                0x0000000000007140                nrfx_gpiote_channel_free
 .text.nrfx_gpiote_channel_alloc
                0x000000000000714c       0x18 modules/hal_nordic/modules/hal_nordic/nrfx/libmodules__hal_nordic__nrfx.a(nrfx_gpiote.c.obj)
                0x000000000000714c                nrfx_gpiote_channel_alloc
 .text.nrfx_gpiote_irq_handler
                0x0000000000007164      0x1d0 modules/hal_nordic/modules/hal_nordic/nrfx/libmodules__hal_nordic__nrfx.a(nrfx_gpiote.c.obj)
                0x0000000000007164                nrfx_gpiote_irq_handler
 .text.nrfx_power_init
                0x0000000000007334       0x6c modules/hal_nordic/modules/hal_nordic/nrfx/libmodules__hal_nordic__nrfx.a(nrfx_power.c.obj)
                0x0000000000007334                nrfx_power_init
 .text.nrfx_power_usbevt_uninit
                0x00000000000073a0       0x18 modules/hal_nordic/modules/hal_nordic/nrfx/libmodules__hal_nordic__nrfx.a(nrfx_power.c.obj)
                0x00000000000073a0                nrfx_power_usbevt_uninit
 .text.nrfx_power_usbevt_init
                0x00000000000073b8       0x14 modules/hal_nordic/modules/hal_nordic/nrfx/libmodules__hal_nordic__nrfx.a(nrfx_power.c.obj)
                0x00000000000073b8                nrfx_power_usbevt_init
 .text.nrfx_power_irq_handler
                0x00000000000073cc       0xa0 modules/hal_nordic/modules/hal_nordic/nrfx/libmodules__hal_nordic__nrfx.a(nrfx_power.c.obj)
                0x00000000000073cc                nrfx_power_irq_handler
 .text.nrf_gpio_pin_port_decode
                0x000000000000746c       0x20 modules/hal_nordic/modules/hal_nordic/nrfx/libmodules__hal_nordic__nrfx.a(nrfx_spi.c.obj)
 .text.nrf_gpio_cfg_output
                0x000000000000748c       0x2c modules/hal_nordic/modules/hal_nordic/nrfx/libmodules__hal_nordic__nrfx.a(nrfx_spi.c.obj)
 .text.spi_configure
                0x00000000000074b8      0x120 modules/hal_nordic/modules/hal_nordic/nrfx/libmodules__hal_nordic__nrfx.a(nrfx_spi.c.obj)
 .text.nrf_gpio_cfg_default
                0x00000000000075d8       0x2c modules/hal_nordic/modules/hal_nordic/nrfx/libmodules__hal_nordic__nrfx.a(nrfx_spi.c.obj)
 .text.nrfx_spi_init
                0x0000000000007604       0x60 modules/hal_nordic/modules/hal_nordic/nrfx/libmodules__hal_nordic__nrfx.a(nrfx_spi.c.obj)
                0x0000000000007604                nrfx_spi_init
 .text.nrfx_spi_uninit
                0x0000000000007664       0x70 modules/hal_nordic/modules/hal_nordic/nrfx/libmodules__hal_nordic__nrfx.a(nrfx_spi.c.obj)
                0x0000000000007664                nrfx_spi_uninit
 .text.nrfx_spi_xfer
                0x00000000000076d4       0xf4 modules/hal_nordic/modules/hal_nordic/nrfx/libmodules__hal_nordic__nrfx.a(nrfx_spi.c.obj)
                0x00000000000076d4                nrfx_spi_xfer
 .text.SPI2_SPIM2_SPIS2_IRQHandler
                0x00000000000077c8       0x40 modules/hal_nordic/modules/hal_nordic/nrfx/libmodules__hal_nordic__nrfx.a(nrfx_spi.c.obj)
                0x00000000000077c8                SPI2_SPIM2_SPIS2_IRQHandler
 .text.nrf_gpio_cfg.constprop.0
                0x0000000000007808       0x48 modules/hal_nordic/modules/hal_nordic/nrfx/libmodules__hal_nordic__nrfx.a(nrfx_twim.c.obj)
 .text.nrfx_twim_disable
                0x0000000000007850       0x54 modules/hal_nordic/modules/hal_nordic/nrfx/libmodules__hal_nordic__nrfx.a(nrfx_twim.c.obj)
                0x0000000000007850                nrfx_twim_disable
 .text.nrfx_twim_xfer
                0x00000000000078a4      0x2c8 modules/hal_nordic/modules/hal_nordic/nrfx/libmodules__hal_nordic__nrfx.a(nrfx_twim.c.obj)
                0x00000000000078a4                nrfx_twim_xfer
 .text.nrfx_twim_irq_handler
                0x0000000000007b6c      0x16c modules/hal_nordic/modules/hal_nordic/nrfx/libmodules__hal_nordic__nrfx.a(nrfx_twim.c.obj)
                0x0000000000007b6c                nrfx_twim_irq_handler
 .text.nrf_gpio_pin_port_decode
                0x0000000000007cd8       0x20 modules/hal_nordic/modules/hal_nordic/nrfx/libmodules__hal_nordic__nrfx.a(nrfx_twi_twim.c.obj)
 .text.nrfx_twi_twim_bus_recover
                0x0000000000007cf8       0xdc modules/hal_nordic/modules/hal_nordic/nrfx/libmodules__hal_nordic__nrfx.a(nrfx_twi_twim.c.obj)
                0x0000000000007cf8                nrfx_twi_twim_bus_recover
 .text.z_fatal_error
                0x0000000000007dd4       0x30 zephyr/kernel/libkernel.a(fatal.c.obj)
                0x0000000000007dd4                z_fatal_error
 .text.z_sys_init_run_level
                0x0000000000007e04       0x30 zephyr/kernel/libkernel.a(init.c.obj)
 .text.bg_thread_main
                0x0000000000007e34       0xc0 zephyr/kernel/libkernel.a(init.c.obj)
 .text.z_init_cpu
                0x0000000000007ef4       0x70 zephyr/kernel/libkernel.a(init.c.obj)
                0x0000000000007ef4                z_init_cpu
 .text.z_cstart
                0x0000000000007f64       0xcc zephyr/kernel/libkernel.a(init.c.obj)
                0x0000000000007f64                z_cstart
 .text.init_mem_slab_obj_core_list
                0x0000000000008030       0x24 zephyr/kernel/libkernel.a(mem_slab.c.obj)
 .text.k_mem_slab_alloc
                0x0000000000008054       0x5c zephyr/kernel/libkernel.a(mem_slab.c.obj)
                0x0000000000008054                k_mem_slab_alloc
 .text.put_msg_in_queue
                0x00000000000080b0       0xd0 zephyr/kernel/libkernel.a(msg_q.c.obj)
 .text.z_impl_k_msgq_get
                0x0000000000008180       0xc4 zephyr/kernel/libkernel.a(msg_q.c.obj)
                0x0000000000008180                z_impl_k_msgq_get
 .text.z_impl_k_mutex_lock
                0x0000000000008244       0xf0 zephyr/kernel/libkernel.a(mutex.c.obj)
                0x0000000000008244                z_impl_k_mutex_lock
 .text.z_impl_k_mutex_unlock
                0x0000000000008334       0xa0 zephyr/kernel/libkernel.a(mutex.c.obj)
                0x0000000000008334                z_impl_k_mutex_unlock
 .text.z_impl_k_queue_get
                0x00000000000083d4       0x64 zephyr/kernel/libkernel.a(queue.c.obj)
                0x00000000000083d4                z_impl_k_queue_get
 .text.z_impl_k_sem_give
                0x0000000000008438       0x68 zephyr/kernel/libkernel.a(sem.c.obj)
                0x0000000000008438                z_impl_k_sem_give
 .text.z_impl_k_sem_take
                0x00000000000084a0       0x4c zephyr/kernel/libkernel.a(sem.c.obj)
                0x00000000000084a0                z_impl_k_sem_take
 .text.z_impl_k_sem_reset
                0x00000000000084ec       0x74 zephyr/kernel/libkernel.a(sem.c.obj)
                0x00000000000084ec                z_impl_k_sem_reset
 .text.work_queue_main
                0x0000000000008560      0x14c zephyr/kernel/libkernel.a(work.c.obj)
 .text.submit_to_queue_locked
                0x00000000000086ac       0xb8 zephyr/kernel/libkernel.a(work.c.obj)
 .text.k_work_submit
                0x0000000000008764        0xc zephyr/kernel/libkernel.a(work.c.obj)
                0x0000000000008764                k_work_submit
 .text.k_work_queue_start
                0x0000000000008770       0x80 zephyr/kernel/libkernel.a(work.c.obj)
                0x0000000000008770                k_work_queue_start
 .text.k_work_schedule_for_queue
                0x00000000000087f0       0x54 zephyr/kernel/libkernel.a(work.c.obj)
                0x00000000000087f0                k_work_schedule_for_queue
 .text.z_setup_new_thread
                0x0000000000008844       0x98 zephyr/kernel/libkernel.a(thread.c.obj)
                0x0000000000008844                z_setup_new_thread
 .text.z_impl_k_thread_create
                0x00000000000088dc       0x58 zephyr/kernel/libkernel.a(thread.c.obj)
                0x00000000000088dc                z_impl_k_thread_create
 .text.z_dummy_thread_init
                0x0000000000008934       0x18 zephyr/kernel/libkernel.a(thread.c.obj)
                0x0000000000008934                z_dummy_thread_init
 .text.z_swap_irqlock
                0x000000000000894c       0x30 zephyr/kernel/libkernel.a(sched.c.obj)
 .text.ready_thread
                0x000000000000897c       0x84 zephyr/kernel/libkernel.a(sched.c.obj)
 .text.unready_thread
                0x0000000000008a00       0x54 zephyr/kernel/libkernel.a(sched.c.obj)
 .text.add_thread_timeout
                0x0000000000008a54       0x1c zephyr/kernel/libkernel.a(sched.c.obj)
 .text.move_thread_to_end_of_prio_q
                0x0000000000008a70       0x90 zephyr/kernel/libkernel.a(sched.c.obj)
                0x0000000000008a70                move_thread_to_end_of_prio_q
 .text.z_impl_k_thread_suspend
                0x0000000000008b00       0xf0 zephyr/kernel/libkernel.a(sched.c.obj)
                0x0000000000008b00                z_impl_k_thread_suspend
 .text.z_pend_curr
                0x0000000000008bf0       0x44 zephyr/kernel/libkernel.a(sched.c.obj)
                0x0000000000008bf0                z_pend_curr
 .text.z_thread_prio_set
                0x0000000000008c34       0xe4 zephyr/kernel/libkernel.a(sched.c.obj)
                0x0000000000008c34                z_thread_prio_set
 .text.z_reschedule
                0x0000000000008d18       0x24 zephyr/kernel/libkernel.a(sched.c.obj)
                0x0000000000008d18                z_reschedule
 .text.z_impl_k_thread_resume
                0x0000000000008d3c       0x3c zephyr/kernel/libkernel.a(sched.c.obj)
                0x0000000000008d3c                z_impl_k_thread_resume
 .text.z_reschedule_irqlock
                0x0000000000008d78       0x28 zephyr/kernel/libkernel.a(sched.c.obj)
                0x0000000000008d78                z_reschedule_irqlock
 .text.k_sched_lock
                0x0000000000008da0       0x28 zephyr/kernel/libkernel.a(sched.c.obj)
                0x0000000000008da0                k_sched_lock
 .text.k_sched_unlock
                0x0000000000008dc8       0x68 zephyr/kernel/libkernel.a(sched.c.obj)
                0x0000000000008dc8                k_sched_unlock
 .text.z_sched_init
                0x0000000000008e30       0x10 zephyr/kernel/libkernel.a(sched.c.obj)
                0x0000000000008e30                z_sched_init
 .text.z_impl_k_yield
                0x0000000000008e40       0x88 zephyr/kernel/libkernel.a(sched.c.obj)
                0x0000000000008e40                z_impl_k_yield
 .text.z_tick_sleep
                0x0000000000008ec8       0x78 zephyr/kernel/libkernel.a(sched.c.obj)
 .text.z_impl_k_usleep
                0x0000000000008f40       0x3c zephyr/kernel/libkernel.a(sched.c.obj)
                0x0000000000008f40                z_impl_k_usleep
 .text.z_impl_k_wakeup
                0x0000000000008f7c       0x48 zephyr/kernel/libkernel.a(sched.c.obj)
                0x0000000000008f7c                z_impl_k_wakeup
 .text.z_impl_k_sched_current_thread_query
                0x0000000000008fc4        0xc zephyr/kernel/libkernel.a(sched.c.obj)
                0x0000000000008fc4                z_impl_k_sched_current_thread_query
 .text.z_thread_abort
                0x0000000000008fd0      0x140 zephyr/kernel/libkernel.a(sched.c.obj)
                0x0000000000008fd0                z_thread_abort
 .text.z_sched_wait
                0x0000000000009110       0x24 zephyr/kernel/libkernel.a(sched.c.obj)
                0x0000000000009110                z_sched_wait
 .text.slice_timeout
                0x0000000000009134       0x20 zephyr/kernel/libkernel.a(timeslicing.c.obj)
 .text.thread_is_sliceable
                0x0000000000009154       0x3c zephyr/kernel/libkernel.a(timeslicing.c.obj)
                0x0000000000009154                thread_is_sliceable
 .text.z_reset_time_slice
                0x0000000000009190       0x50 zephyr/kernel/libkernel.a(timeslicing.c.obj)
                0x0000000000009190                z_reset_time_slice
 .text.z_time_slice
                0x00000000000091e0       0x60 zephyr/kernel/libkernel.a(timeslicing.c.obj)
                0x00000000000091e0                z_time_slice
 .text.first    0x0000000000009240       0x10 zephyr/kernel/libkernel.a(timeout.c.obj)
 .text.elapsed  0x0000000000009250       0x14 zephyr/kernel/libkernel.a(timeout.c.obj)
 .text.remove_timeout
                0x0000000000009264       0x38 zephyr/kernel/libkernel.a(timeout.c.obj)
 .text.z_add_timeout
                0x000000000000929c      0x120 zephyr/kernel/libkernel.a(timeout.c.obj)
                0x000000000000929c                z_add_timeout
 .text.sys_clock_announce
                0x00000000000093bc       0xc0 zephyr/kernel/libkernel.a(timeout.c.obj)
                0x00000000000093bc                sys_clock_announce
 .text.sys_clock_tick_get
                0x000000000000947c       0x30 zephyr/kernel/libkernel.a(timeout.c.obj)
                0x000000000000947c                sys_clock_tick_get
 .text.z_thread_alloc_helper
                0x00000000000094ac       0x4c zephyr/kernel/libkernel.a(mempool.c.obj)
 .text.z_thread_malloc
                0x00000000000094f8       0x10 zephyr/kernel/libkernel.a(mempool.c.obj)
                0x00000000000094f8                z_thread_malloc
 .text.statics_init
                0x0000000000009508       0x24 zephyr/kernel/libkernel.a(kheap.c.obj)
 .text.k_sys_work_q_init
                0x000000000000952c       0x2c zephyr/kernel/libkernel.a(system_work_q.c.obj)
 .text.nrf_cc3xx_platform_init_no_rng
                0x0000000000009558       0x38 /home/atia/ncs/v3.2.1/nrfxlib/crypto/nrf_cc310_platform/lib/cortex-m4/soft-float/no-interrupts/libnrf_cc310_platform_0.9.19.a(nrf_cc3xx_platform.c.obj)
                0x0000000000009558                nrf_cc3xx_platform_init_no_rng
 .text.nrf_cc3xx_platform_abort
                0x0000000000009590       0x24 /home/atia/ncs/v3.2.1/nrfxlib/crypto/nrf_cc310_platform/lib/cortex-m4/soft-float/no-interrupts/libnrf_cc310_platform_0.9.19.a(nrf_cc3xx_platform_abort.c.obj)
 .text.CC_PalAbort
                0x00000000000095b4       0x34 /home/atia/ncs/v3.2.1/nrfxlib/crypto/nrf_cc310_platform/lib/cortex-m4/soft-float/no-interrupts/libnrf_cc310_platform_0.9.19.a(nrf_cc3xx_platform_abort.c.obj)
                0x00000000000095b4                CC_PalAbort
 .text.nrf_cc3xx_platform_set_abort
                0x00000000000095e8       0x10 /home/atia/ncs/v3.2.1/nrfxlib/crypto/nrf_cc310_platform/lib/cortex-m4/soft-float/no-interrupts/libnrf_cc310_platform_0.9.19.a(nrf_cc3xx_platform_abort.c.obj)
                0x00000000000095e8                nrf_cc3xx_platform_set_abort
 .text.mutex_free
                0x00000000000095f8       0x34 /home/atia/ncs/v3.2.1/nrfxlib/crypto/nrf_cc310_platform/lib/cortex-m4/soft-float/no-interrupts/libnrf_cc310_platform_0.9.19.a(nrf_cc3xx_platform_mutex.c.obj)
 .text.mutex_lock
                0x000000000000962c       0x48 /home/atia/ncs/v3.2.1/nrfxlib/crypto/nrf_cc310_platform/lib/cortex-m4/soft-float/no-interrupts/libnrf_cc310_platform_0.9.19.a(nrf_cc3xx_platform_mutex.c.obj)
 .text.mutex_unlock
                0x0000000000009674       0x38 /home/atia/ncs/v3.2.1/nrfxlib/crypto/nrf_cc310_platform/lib/cortex-m4/soft-float/no-interrupts/libnrf_cc310_platform_0.9.19.a(nrf_cc3xx_platform_mutex.c.obj)
 .text.mutex_init
                0x00000000000096ac       0x20 /home/atia/ncs/v3.2.1/nrfxlib/crypto/nrf_cc310_platform/lib/cortex-m4/soft-float/no-interrupts/libnrf_cc310_platform_0.9.19.a(nrf_cc3xx_platform_mutex.c.obj)
 .text.nrf_cc3xx_platform_set_mutexes
                0x00000000000096cc       0x74 /home/atia/ncs/v3.2.1/nrfxlib/crypto/nrf_cc310_platform/lib/cortex-m4/soft-float/no-interrupts/libnrf_cc310_platform_0.9.19.a(nrf_cc3xx_platform_mutex.c.obj)
                0x00000000000096cc                nrf_cc3xx_platform_set_mutexes
 .text.CC_LibInitNoRng
                0x0000000000009740       0x64 /home/atia/ncs/v3.2.1/nrfxlib/crypto/nrf_cc310_platform/lib/cortex-m4/soft-float/no-interrupts/libnrf_cc310_platform_0.9.19.a(cc_lib.c.obj)
                0x0000000000009740                CC_LibInitNoRng
 .text.CC_HalInit
                0x00000000000097a4        0x4 /home/atia/ncs/v3.2.1/nrfxlib/crypto/nrf_cc310_platform/lib/cortex-m4/soft-float/no-interrupts/libnrf_cc310_platform_0.9.19.a(cc_hal.c.obj)
                0x00000000000097a4                CC_HalInit
 .text.CC_HalTerminate
                0x00000000000097a8        0x4 /home/atia/ncs/v3.2.1/nrfxlib/crypto/nrf_cc310_platform/lib/cortex-m4/soft-float/no-interrupts/libnrf_cc310_platform_0.9.19.a(cc_hal.c.obj)
                0x00000000000097a8                CC_HalTerminate
 .text.CC_HalMaskInterrupt
                0x00000000000097ac        0xc /home/atia/ncs/v3.2.1/nrfxlib/crypto/nrf_cc310_platform/lib/cortex-m4/soft-float/no-interrupts/libnrf_cc310_platform_0.9.19.a(cc_hal.c.obj)
                0x00000000000097ac                CC_HalMaskInterrupt
 .text.CC_PalInit
                0x00000000000097b8       0x5c /home/atia/ncs/v3.2.1/nrfxlib/crypto/nrf_cc310_platform/lib/cortex-m4/soft-float/no-interrupts/libnrf_cc310_platform_0.9.19.a(cc_pal.c.obj)
                0x00000000000097b8                CC_PalInit
 .text.CC_PalTerminate
                0x0000000000009814       0x34 /home/atia/ncs/v3.2.1/nrfxlib/crypto/nrf_cc310_platform/lib/cortex-m4/soft-float/no-interrupts/libnrf_cc310_platform_0.9.19.a(cc_pal.c.obj)
                0x0000000000009814                CC_PalTerminate
 .text.CC_PalDmaInit
                0x0000000000009848        0x4 /home/atia/ncs/v3.2.1/nrfxlib/crypto/nrf_cc310_platform/lib/cortex-m4/soft-float/no-interrupts/libnrf_cc310_platform_0.9.19.a(cc_pal_dma.c.obj)
                0x0000000000009848                CC_PalDmaInit
 .text.CC_PalDmaTerminate
                0x000000000000984c        0x4 /home/atia/ncs/v3.2.1/nrfxlib/crypto/nrf_cc310_platform/lib/cortex-m4/soft-float/no-interrupts/libnrf_cc310_platform_0.9.19.a(cc_pal_dma.c.obj)
                0x000000000000984c                CC_PalDmaTerminate
 .text.CC_PalMutexCreate
                0x0000000000009850       0x14 /home/atia/ncs/v3.2.1/nrfxlib/crypto/nrf_cc310_platform/lib/cortex-m4/soft-float/no-interrupts/libnrf_cc310_platform_0.9.19.a(cc_pal_mutex.c.obj)
                0x0000000000009850                CC_PalMutexCreate
 .text.CC_PalMutexDestroy
                0x0000000000009864       0x14 /home/atia/ncs/v3.2.1/nrfxlib/crypto/nrf_cc310_platform/lib/cortex-m4/soft-float/no-interrupts/libnrf_cc310_platform_0.9.19.a(cc_pal_mutex.c.obj)
                0x0000000000009864                CC_PalMutexDestroy
 .text.CC_PalPowerSaveModeInit
                0x0000000000009878       0x3c /home/atia/ncs/v3.2.1/nrfxlib/crypto/nrf_cc310_platform/lib/cortex-m4/soft-float/no-interrupts/libnrf_cc310_platform_0.9.19.a(cc_pal_pm.c.obj)
                0x0000000000009878                CC_PalPowerSaveModeInit
 .text.CC_PalPowerSaveModeSelect
                0x00000000000098b4       0x84 /home/atia/ncs/v3.2.1/nrfxlib/crypto/nrf_cc310_platform/lib/cortex-m4/soft-float/no-interrupts/libnrf_cc310_platform_0.9.19.a(cc_pal_pm.c.obj)
                0x00000000000098b4                CC_PalPowerSaveModeSelect
 .text.printf   0x0000000000009938       0x24 /home/atia/ncs/toolchains/43683a87ea/opt/zephyr-sdk/arm-zephyr-eabi/bin/../lib/gcc/../../picolibc/arm-zephyr-eabi/lib/thumb/v7e-m/nofp/libc.a(libc_tinystdio_printf.c.o)
                0x0000000000009938                printf
 .text.__l_vfprintf
                0x000000000000995c      0x4b8 /home/atia/ncs/toolchains/43683a87ea/opt/zephyr-sdk/arm-zephyr-eabi/bin/../lib/gcc/../../picolibc/arm-zephyr-eabi/lib/thumb/v7e-m/nofp/libc.a(libc_tinystdio_vflprintf.c.o)
                0x000000000000995c                __l_vfprintf
 .text.__math_oflow
                0x0000000000009e14       0x18 /home/atia/ncs/toolchains/43683a87ea/opt/zephyr-sdk/arm-zephyr-eabi/bin/../lib/gcc/../../picolibc/arm-zephyr-eabi/lib/thumb/v7e-m/nofp/libc.a(libm_common_math_err_oflow.c.o)
                0x0000000000009e14                __math_oflow
 .text.__math_divzerof
                0x0000000000009e2c       0x10 /home/atia/ncs/toolchains/43683a87ea/opt/zephyr-sdk/arm-zephyr-eabi/bin/../lib/gcc/../../picolibc/arm-zephyr-eabi/lib/thumb/v7e-m/nofp/libc.a(libm_common_math_errf_divzerof.c.o)
                0x0000000000009e2c                __math_divzerof
 .text.__math_invalidf
                0x0000000000009e3c       0x10 /home/atia/ncs/toolchains/43683a87ea/opt/zephyr-sdk/arm-zephyr-eabi/bin/../lib/gcc/../../picolibc/arm-zephyr-eabi/lib/thumb/v7e-m/nofp/libc.a(libm_common_math_errf_invalidf.c.o)
                0x0000000000009e3c                __math_invalidf
 .text.__fpclassifyf
                0x0000000000009e4c       0x34 /home/atia/ncs/toolchains/43683a87ea/opt/zephyr-sdk/arm-zephyr-eabi/bin/../lib/gcc/../../picolibc/arm-zephyr-eabi/lib/thumb/v7e-m/nofp/libc.a(libm_common_sf_fpclassify.c.o)
                0x0000000000009e4c                __fpclassifyf
 .text._OffsetAbsSyms
                0x0000000000009e80        0x2 zephyr/CMakeFiles/offsets.dir/./arch/arm/core/offsets/offsets.c.obj
                0x0000000000009e80                _OffsetAbsSyms
 .text.chunk_field
                0x0000000000009e82       0x16 zephyr/libzephyr.a(heap.c.obj)
 .text.chunk_set
                0x0000000000009e98       0x16 zephyr/libzephyr.a(heap.c.obj)
 .text.chunk_size
                0x0000000000009eae        0xc zephyr/libzephyr.a(heap.c.obj)
 .text.set_chunk_used
                0x0000000000009eba       0x30 zephyr/libzephyr.a(heap.c.obj)
 .text.set_chunk_size
                0x0000000000009eea        0x8 zephyr/libzephyr.a(heap.c.obj)
 .text.mem_to_chunkid
                0x0000000000009ef2       0x14 zephyr/libzephyr.a(heap.c.obj)
 .text.bucket_idx
                0x0000000000009f06       0x1e zephyr/libzephyr.a(heap.c.obj)
 .text.free_list_remove_bidx
                0x0000000000009f24       0x5c zephyr/libzephyr.a(heap.c.obj)
 .text.free_list_remove
                0x0000000000009f80       0x2e zephyr/libzephyr.a(heap.c.obj)
 .text.alloc_chunk
                0x0000000000009fae       0x72 zephyr/libzephyr.a(heap.c.obj)
 .text.split_chunks
                0x000000000000a020       0x4e zephyr/libzephyr.a(heap.c.obj)
 .text.merge_chunks
                0x000000000000a06e       0x3c zephyr/libzephyr.a(heap.c.obj)
 .text.free_list_add
                0x000000000000a0aa       0x84 zephyr/libzephyr.a(heap.c.obj)
 .text.free_chunk
                0x000000000000a12e       0x84 zephyr/libzephyr.a(heap.c.obj)
 .text.sys_heap_free
                0x000000000000a1b2       0x24 zephyr/libzephyr.a(heap.c.obj)
                0x000000000000a1b2                sys_heap_free
 .text.sys_heap_alloc
                0x000000000000a1d6       0x76 zephyr/libzephyr.a(heap.c.obj)
                0x000000000000a1d6                sys_heap_alloc
 .text.sys_heap_noalign_alloc
                0x000000000000a24c        0x6 zephyr/libzephyr.a(heap.c.obj)
                0x000000000000a24c                sys_heap_noalign_alloc
 .text.sys_heap_init
                0x000000000000a252       0xb0 zephyr/libzephyr.a(heap.c.obj)
                0x000000000000a252                sys_heap_init
 .text.arch_printk_char_out
                0x000000000000a302        0x4 zephyr/libzephyr.a(printk.c.obj)
                0x000000000000a302                arch_printk_char_out
 .text.printk   0x000000000000a306       0x1a zephyr/libzephyr.a(printk.c.obj)
                0x000000000000a306                printk
 .text.sys_slist_find_and_remove
                0x000000000000a320       0x36 zephyr/libzephyr.a(onoff.c.obj)
 .text.process_recheck
                0x000000000000a356       0x38 zephyr/libzephyr.a(onoff.c.obj)
 .text.validate_args
                0x000000000000a38e       0x20 zephyr/libzephyr.a(onoff.c.obj)
 .text.notify_one
                0x000000000000a3ae       0x2c zephyr/libzephyr.a(onoff.c.obj)
 .text.transition_complete
                0x000000000000a3da       0x1a zephyr/libzephyr.a(onoff.c.obj)
 .text.onoff_manager_init
                0x000000000000a3f4       0x26 zephyr/libzephyr.a(onoff.c.obj)
                0x000000000000a3f4                onoff_manager_init
 .text.onoff_request
                0x000000000000a41a       0xae zephyr/libzephyr.a(onoff.c.obj)
                0x000000000000a41a                onoff_request
 .text.onoff_release
                0x000000000000a4c8       0x48 zephyr/libzephyr.a(onoff.c.obj)
                0x000000000000a4c8                onoff_release
 .text.onoff_cancel
                0x000000000000a510       0x36 zephyr/libzephyr.a(onoff.c.obj)
                0x000000000000a510                onoff_cancel
 .text.sys_notify_validate
                0x000000000000a546       0x22 zephyr/libzephyr.a(notify.c.obj)
                0x000000000000a546                sys_notify_validate
 .text.sys_notify_finalize
                0x000000000000a568       0x1a zephyr/libzephyr.a(notify.c.obj)
                0x000000000000a568                sys_notify_finalize
 .text.ring_buf_area_claim
                0x000000000000a582       0x30 zephyr/libzephyr.a(ring_buffer.c.obj)
                0x000000000000a582                ring_buf_area_claim
 .text.ring_buf_put_claim
                0x000000000000a5b2       0x1e zephyr/libzephyr.a(ring_buffer.c.obj)
 .text.ring_buf_get_claim
                0x000000000000a5d0       0x1e zephyr/libzephyr.a(ring_buffer.c.obj)
 .text.ring_buf_area_finish
                0x000000000000a5ee       0x32 zephyr/libzephyr.a(ring_buffer.c.obj)
                0x000000000000a5ee                ring_buf_area_finish
 .text.ring_buf_put
                0x000000000000a620       0x40 zephyr/libzephyr.a(ring_buffer.c.obj)
                0x000000000000a620                ring_buf_put
 .text.ring_buf_get
                0x000000000000a660       0x44 zephyr/libzephyr.a(ring_buffer.c.obj)
                0x000000000000a660                ring_buf_get
 .text._ConfigAbsSyms
                0x000000000000a6a4        0x2 zephyr/libzephyr.a(configs.c.obj)
                0x000000000000a6a4                _ConfigAbsSyms
 .text.usb_write
                0x000000000000a6a6       0x30 zephyr/libzephyr.a(usb_device.c.obj)
                0x000000000000a6a6                usb_write
 .text.usb_get_dev_data_by_cfg
                0x000000000000a6d6       0x18 zephyr/libzephyr.a(usb_descriptor.c.obj)
                0x000000000000a6d6                usb_get_dev_data_by_cfg
 .text.usb_get_dev_data_by_iface
                0x000000000000a6ee       0x1c zephyr/libzephyr.a(usb_descriptor.c.obj)
                0x000000000000a6ee                usb_get_dev_data_by_iface
 .text.usb_get_dev_data_by_ep
                0x000000000000a70a       0x2c zephyr/libzephyr.a(usb_descriptor.c.obj)
                0x000000000000a70a                usb_get_dev_data_by_ep
 .text.usb_transfer_is_busy
                0x000000000000a736       0x16 zephyr/libzephyr.a(usb_transfer.c.obj)
                0x000000000000a736                usb_transfer_is_busy
 .text.cdc_interface_config
                0x000000000000a74c       0x14 zephyr/libzephyr.a(cdc_acm.c.obj)
 .text.cdc_acm_irq_callback_work_handler
                0x000000000000a760        0xa zephyr/libzephyr.a(cdc_acm.c.obj)
 .text.cdc_acm_irq_tx_disable
                0x000000000000a76a        0xa zephyr/libzephyr.a(cdc_acm.c.obj)
 .text.cdc_acm_irq_tx_ready
                0x000000000000a774       0x20 zephyr/libzephyr.a(cdc_acm.c.obj)
 .text.cdc_acm_irq_rx_disable
                0x000000000000a794        0xa zephyr/libzephyr.a(cdc_acm.c.obj)
 .text.cdc_acm_irq_rx_ready
                0x000000000000a79e        0xe zephyr/libzephyr.a(cdc_acm.c.obj)
 .text.cdc_acm_irq_is_pending
                0x000000000000a7ac       0x1c zephyr/libzephyr.a(cdc_acm.c.obj)
 .text.cdc_acm_irq_callback_set
                0x000000000000a7c8        0x8 zephyr/libzephyr.a(cdc_acm.c.obj)
 .text.cdc_acm_fifo_read
                0x000000000000a7d0       0x48 zephyr/libzephyr.a(cdc_acm.c.obj)
 .text.cdc_acm_poll_in
                0x000000000000a818       0x12 zephyr/libzephyr.a(cdc_acm.c.obj)
 .text.cdc_acm_irq_update
                0x000000000000a82a       0x30 zephyr/libzephyr.a(cdc_acm.c.obj)
 .text.gpio_pin_configure_dt
                0x000000000000a85a       0x3e zephyr/libzephyr.a(mipi_dbi_spi.c.obj)
 .text.gpio_pin_set_dt
                0x000000000000a898       0x28 zephyr/libzephyr.a(mipi_dbi_spi.c.obj)
 .text.mipi_dbi_spi_release
                0x000000000000a8c0        0xc zephyr/libzephyr.a(mipi_dbi_spi.c.obj)
 .text.mipi_dbi_spi_reset
                0x000000000000a8cc       0x34 zephyr/libzephyr.a(mipi_dbi_spi.c.obj)
 .text.mipi_dbi_spi_init
                0x000000000000a900       0x5a zephyr/libzephyr.a(mipi_dbi_spi.c.obj)
 .text.mipi_dbi_spi_write_helper
                0x000000000000a95a       0xaa zephyr/libzephyr.a(mipi_dbi_spi.c.obj)
 .text.mipi_dbi_spi_write_display
                0x000000000000aa04       0x16 zephyr/libzephyr.a(mipi_dbi_spi.c.obj)
 .text.mipi_dbi_spi_command_write
                0x000000000000aa1a       0x14 zephyr/libzephyr.a(mipi_dbi_spi.c.obj)
 .text.max32664c_channel_get
                0x000000000000aa2e       0xf4 zephyr/libzephyr.a(max32664c.c.obj)
 .text.max32664c_attr_get
                0x000000000000ab22       0x4c zephyr/libzephyr.a(max32664c.c.obj)
 .text.gpio_pin_set_dt.isra.0
                0x000000000000ab6e       0x28 zephyr/libzephyr.a(max32664c.c.obj)
 .text.gpio_pin_configure_dt.constprop.0.isra.0
                0x000000000000ab96       0x2e zephyr/libzephyr.a(max32664c.c.obj)
 .text.k_msleep.isra.0
                0x000000000000abc4       0x20 zephyr/libzephyr.a(max32664c.c.obj)
 .text.max32664c_sample_fetch
                0x000000000000abe4       0x66 zephyr/libzephyr.a(max32664c.c.obj)
 .text.max32664c_i2c_transmit
                0x000000000000ac4a       0xa8 zephyr/libzephyr.a(max32664c.c.obj)
                0x000000000000ac4a                max32664c_i2c_transmit
 .text.max32664c_exit_mode_wake_on_motion
                0x000000000000acf2       0x46 zephyr/libzephyr.a(max32664c.c.obj)
 .text.max32664c_stop_algo
                0x000000000000ad38       0x56 zephyr/libzephyr.a(max32664c.c.obj)
 .text.max32664c_read_fw_version
                0x000000000000ad8e       0x44 zephyr/libzephyr.a(max32664c.c.obj)
                0x000000000000ad8e                max32664c_read_fw_version
 .text.max32664c_init
                0x000000000000add2      0x15e zephyr/libzephyr.a(max32664c.c.obj)
 .text.max32664c_push_to_queue
                0x000000000000af30       0x1e zephyr/libzephyr.a(max32664c_worker.c.obj)
 .text.max32664c_parse_and_push_raw.isra.0
                0x000000000000af4e       0xda zephyr/libzephyr.a(max32664c_worker.c.obj)
 .text.max32664c_worker
                0x000000000000b028      0x16e zephyr/libzephyr.a(max32664c_worker.c.obj)
                0x000000000000b028                max32664c_worker
 .text.max32664c_acc_enable
                0x000000000000b196       0x34 zephyr/libzephyr.a(max32664c_acc.c.obj)
                0x000000000000b196                max32664c_acc_enable
 .text.lsm6dso_read_reg
                0x000000000000b1ca       0x16 zephyr/libzephyr.a(lsm6dso_reg.c.obj)
                0x000000000000b1ca                lsm6dso_read_reg
 .text.lsm6dso_write_reg
                0x000000000000b1e0       0x16 zephyr/libzephyr.a(lsm6dso_reg.c.obj)
                0x000000000000b1e0                lsm6dso_write_reg
 .text.lsm6dso_xl_full_scale_set
                0x000000000000b1f6       0x2e zephyr/libzephyr.a(lsm6dso_reg.c.obj)
                0x000000000000b1f6                lsm6dso_xl_full_scale_set
 .text.lsm6dso_gy_full_scale_set
                0x000000000000b224       0x2e zephyr/libzephyr.a(lsm6dso_reg.c.obj)
                0x000000000000b224                lsm6dso_gy_full_scale_set
 .text.lsm6dso_block_data_update_set
                0x000000000000b252       0x2e zephyr/libzephyr.a(lsm6dso_reg.c.obj)
                0x000000000000b252                lsm6dso_block_data_update_set
 .text.lsm6dso_xl_power_mode_set
                0x000000000000b280       0x58 zephyr/libzephyr.a(lsm6dso_reg.c.obj)
                0x000000000000b280                lsm6dso_xl_power_mode_set
 .text.lsm6dso_gy_power_mode_set
                0x000000000000b2d8       0x2e zephyr/libzephyr.a(lsm6dso_reg.c.obj)
                0x000000000000b2d8                lsm6dso_gy_power_mode_set
 .text.lsm6dso_angular_rate_raw_get
                0x000000000000b306       0x3c zephyr/libzephyr.a(lsm6dso_reg.c.obj)
                0x000000000000b306                lsm6dso_angular_rate_raw_get
 .text.lsm6dso_acceleration_raw_get
                0x000000000000b342       0x3c zephyr/libzephyr.a(lsm6dso_reg.c.obj)
                0x000000000000b342                lsm6dso_acceleration_raw_get
 .text.lsm6dso_mem_bank_set
                0x000000000000b37e       0x1e zephyr/libzephyr.a(lsm6dso_reg.c.obj)
                0x000000000000b37e                lsm6dso_mem_bank_set
 .text.lsm6dso_device_id_get
                0x000000000000b39c        0xe zephyr/libzephyr.a(lsm6dso_reg.c.obj)
                0x000000000000b39c                lsm6dso_device_id_get
 .text.lsm6dso_reset_set
                0x000000000000b3aa       0x2e zephyr/libzephyr.a(lsm6dso_reg.c.obj)
                0x000000000000b3aa                lsm6dso_reset_set
 .text.lsm6dso_i3c_disable_set
                0x000000000000b3d8       0x5c zephyr/libzephyr.a(lsm6dso_reg.c.obj)
                0x000000000000b3d8                lsm6dso_i3c_disable_set
 .text.lsm6dso_fifo_mode_set
                0x000000000000b434       0x2e zephyr/libzephyr.a(lsm6dso_reg.c.obj)
                0x000000000000b434                lsm6dso_fifo_mode_set
 .text.lsm6dso_fsm_enable_get
                0x000000000000b462       0x28 zephyr/libzephyr.a(lsm6dso_reg.c.obj)
                0x000000000000b462                lsm6dso_fsm_enable_get
 .text.lsm6dso_fsm_data_rate_get
                0x000000000000b48a       0x54 zephyr/libzephyr.a(lsm6dso_reg.c.obj)
                0x000000000000b48a                lsm6dso_fsm_data_rate_get
 .text.lsm6dso_xl_data_rate_set
                0x000000000000b4de       0xdc zephyr/libzephyr.a(lsm6dso_reg.c.obj)
                0x000000000000b4de                lsm6dso_xl_data_rate_set
 .text.lsm6dso_gy_data_rate_set
                0x000000000000b5ba       0xdc zephyr/libzephyr.a(lsm6dso_reg.c.obj)
                0x000000000000b5ba                lsm6dso_gy_data_rate_set
 .text.lsm6dso_sh_master_set
                0x000000000000b696       0x48 zephyr/libzephyr.a(lsm6dso_reg.c.obj)
                0x000000000000b696                lsm6dso_sh_master_set
 .text.lsm6dso_sh_master_get
                0x000000000000b6de       0x38 zephyr/libzephyr.a(lsm6dso_reg.c.obj)
                0x000000000000b6de                lsm6dso_sh_master_get
 .text.abort_function
                0x000000000000b716        0x2 zephyr/libzephyr.a(nrf_cc3xx_platform_abort_zephyr.c.obj)
 .text.arch_early_memset
                0x000000000000b718        0x4 zephyr/arch/common/libarch__common.a(init.c.obj)
                0x000000000000b718                arch_early_memset
 .text.arch_early_memcpy
                0x000000000000b71c        0x4 zephyr/arch/common/libarch__common.a(init.c.obj)
                0x000000000000b71c                arch_early_memcpy
 .text.z_do_kernel_oops
                0x000000000000b720        0x8 zephyr/arch/arch/arm/core/libarch__arm__core.a(fatal.c.obj)
                0x000000000000b720                z_do_kernel_oops
 .text.z_arm_nmi
                0x000000000000b728        0xe zephyr/arch/arch/arm/core/libarch__arm__core.a(nmi.c.obj)
                0x000000000000b728                z_arm_nmi
 .text.z_irq_spurious
                0x000000000000b736        0x8 zephyr/arch/arch/arm/core/cortex_m/libarch__arm__core__cortex_m.a(irq_manage.c.obj)
                0x000000000000b736                z_irq_spurious
 .text.arch_coprocessors_disable
                0x000000000000b73e        0x6 zephyr/arch/arch/arm/core/cortex_m/libarch__arm__core__cortex_m.a(thread.c.obj)
                0x000000000000b73e                arch_coprocessors_disable
 .text.arch_irq_unlock_outlined
                0x000000000000b744        0xe zephyr/arch/arch/arm/core/cortex_m/libarch__arm__core__cortex_m.a(thread.c.obj)
                0x000000000000b744                arch_irq_unlock_outlined
 .text.arch_cpu_idle
                0x000000000000b752       0x1a zephyr/arch/arch/arm/core/cortex_m/libarch__arm__core__cortex_m.a(cpu_idle.c.obj)
                0x000000000000b752                arch_cpu_idle
 .text.arch_cpu_atomic_idle
                0x000000000000b76c       0x1e zephyr/arch/arch/arm/core/cortex_m/libarch__arm__core__cortex_m.a(cpu_idle.c.obj)
                0x000000000000b76c                arch_cpu_atomic_idle
 .text.size_to_mpu_rasr_size
                0x000000000000b78a       0x20 zephyr/arch/arch/arm/core/mpu/libarch__arm__core__mpu.a(arm_mpu.c.obj)
 .text.picolibc_put
                0x000000000000b7aa        0xa zephyr/lib/libc/picolibc/liblib__libc__picolibc.a(stdio.c.obj)
 .text.ep_ctx_reset
                0x000000000000b7b4       0x26 zephyr/drivers/usb/device/libdrivers__usb__device.a(usb_dc_nrfx.c.obj)
 .text.k_mutex_lock.constprop.0.isra.0
                0x000000000000b7da        0x4 zephyr/drivers/usb/device/libdrivers__usb__device.a(usb_dc_nrfx.c.obj)
 .text.k_mutex_unlock.isra.0
                0x000000000000b7de        0x4 zephyr/drivers/usb/device/libdrivers__usb__device.a(usb_dc_nrfx.c.obj)
 .text.ep2bit   0x000000000000b7e2       0x10 zephyr/drivers/usb/common/nrf_usbd_common/libdrivers__usb__common__nrf_usbd_common.a(nrf_usbd_common.c.obj)
 .text.nrf_usbd_common_ep_max_packet_size_set
                0x000000000000b7f2        0xa zephyr/drivers/usb/common/nrf_usbd_common/libdrivers__usb__common__nrf_usbd_common.a(nrf_usbd_common.c.obj)
                0x000000000000b7f2                nrf_usbd_common_ep_max_packet_size_set
 .text.nrf_usbd_common_ep_status_get
                0x000000000000b7fc       0x2c zephyr/drivers/usb/common/nrf_usbd_common/libdrivers__usb__common__nrf_usbd_common.a(nrf_usbd_common.c.obj)
                0x000000000000b7fc                nrf_usbd_common_ep_status_get
 .text.get_status
                0x000000000000b828       0x12 zephyr/drivers/clock_control/libdrivers__clock_control.a(clock_control_nrf.c.obj)
 .text.stop     0x000000000000b83a       0x52 zephyr/drivers/clock_control/libdrivers__clock_control.a(clock_control_nrf.c.obj)
 .text.api_stop
                0x000000000000b88c        0x6 zephyr/drivers/clock_control/libdrivers__clock_control.a(clock_control_nrf.c.obj)
 .text.async_start
                0x000000000000b892       0x5c zephyr/drivers/clock_control/libdrivers__clock_control.a(clock_control_nrf.c.obj)
 .text.api_start
                0x000000000000b8ee        0xe zephyr/drivers/clock_control/libdrivers__clock_control.a(clock_control_nrf.c.obj)
 .text.onoff_started_callback
                0x000000000000b8fc       0x12 zephyr/drivers/clock_control/libdrivers__clock_control.a(clock_control_nrf.c.obj)
 .text.blocking_start_callback
                0x000000000000b90e        0x6 zephyr/drivers/clock_control/libdrivers__clock_control.a(clock_control_nrf.c.obj)
 .text.lfclk_stop
                0x000000000000b914        0x4 zephyr/drivers/clock_control/libdrivers__clock_control.a(clock_control_nrf.c.obj)
 .text.lfclk_start
                0x000000000000b918        0x4 zephyr/drivers/clock_control/libdrivers__clock_control.a(clock_control_nrf.c.obj)
 .text.gc9x01x_get_capabilities
                0x000000000000b91c       0x38 zephyr/drivers/display/libdrivers__display.a(display_gc9x01x.c.obj)
 .text.gc9x01x_transmit.isra.0
                0x000000000000b954       0x22 zephyr/drivers/display/libdrivers__display.a(display_gc9x01x.c.obj)
 .text.gc9x01x_write
                0x000000000000b976      0x102 zephyr/drivers/display/libdrivers__display.a(display_gc9x01x.c.obj)
 .text.gc9x01x_set_orientation
                0x000000000000ba78       0x42 zephyr/drivers/display/libdrivers__display.a(display_gc9x01x.c.obj)
 .text.gc9x01x_set_pixel_format
                0x000000000000baba       0x3e zephyr/drivers/display/libdrivers__display.a(display_gc9x01x.c.obj)
 .text.gc9x01x_display_blanking_on
                0x000000000000baf8        0xc zephyr/drivers/display/libdrivers__display.a(display_gc9x01x.c.obj)
 .text.gc9x01x_display_blanking_off
                0x000000000000bb04        0xc zephyr/drivers/display/libdrivers__display.a(display_gc9x01x.c.obj)
 .text.gpio_nrfx_port_get_raw
                0x000000000000bb10        0xe zephyr/drivers/gpio/libdrivers__gpio.a(gpio_nrfx.c.obj)
 .text.gpio_nrfx_port_set_masked_raw
                0x000000000000bb1e       0x18 zephyr/drivers/gpio/libdrivers__gpio.a(gpio_nrfx.c.obj)
 .text.gpio_nrfx_port_set_bits_raw
                0x000000000000bb36        0xc zephyr/drivers/gpio/libdrivers__gpio.a(gpio_nrfx.c.obj)
 .text.gpio_nrfx_port_clear_bits_raw
                0x000000000000bb42        0xc zephyr/drivers/gpio/libdrivers__gpio.a(gpio_nrfx.c.obj)
 .text.gpio_nrfx_port_toggle_bits
                0x000000000000bb4e       0x1a zephyr/drivers/gpio/libdrivers__gpio.a(gpio_nrfx.c.obj)
 .text.gpio_nrfx_manage_callback
                0x000000000000bb68       0x52 zephyr/drivers/gpio/libdrivers__gpio.a(gpio_nrfx.c.obj)
 .text.gpio_nrfx_gpiote_irq_handler
                0x000000000000bbba        0x4 zephyr/drivers/gpio/libdrivers__gpio.a(gpio_nrfx.c.obj)
                0x000000000000bbba                gpio_nrfx_gpiote_irq_handler
 .text.event_handler
                0x000000000000bbbe       0x2a zephyr/drivers/i2c/libdrivers__i2c.a(i2c_nrfx_twim.c.obj)
 .text.i2c_nrfx_twim_deinit
                0x000000000000bbe8        0x4 zephyr/drivers/i2c/libdrivers__i2c.a(i2c_nrfx_twim.c.obj)
 .text.i2c_nrfx_twim_init
                0x000000000000bbec       0x28 zephyr/drivers/i2c/libdrivers__i2c.a(i2c_nrfx_twim.c.obj)
 .text.i2c_nrfx_twim_exclusive_access_acquire
                0x000000000000bc14        0x8 zephyr/drivers/i2c/libdrivers__i2c.a(i2c_nrfx_twim.c.obj)
                0x000000000000bc14                i2c_nrfx_twim_exclusive_access_acquire
 .text.i2c_nrfx_twim_exclusive_access_release
                0x000000000000bc1c        0x8 zephyr/drivers/i2c/libdrivers__i2c.a(i2c_nrfx_twim.c.obj)
                0x000000000000bc1c                i2c_nrfx_twim_exclusive_access_release
 .text.i2c_nrfx_twim_transfer
                0x000000000000bc24      0x144 zephyr/drivers/i2c/libdrivers__i2c.a(i2c_nrfx_twim.c.obj)
 .text.pinctrl_apply_state.isra.0
                0x000000000000bd68       0x1e zephyr/drivers/i2c/libdrivers__i2c.a(i2c_nrfx_twim_common.c.obj)
 .text.i2c_nrfx_twim_recover_bus
                0x000000000000bd86       0x30 zephyr/drivers/i2c/libdrivers__i2c.a(i2c_nrfx_twim_common.c.obj)
                0x000000000000bd86                i2c_nrfx_twim_recover_bus
 .text.i2c_nrfx_twim_configure
                0x000000000000bdb6       0x32 zephyr/drivers/i2c/libdrivers__i2c.a(i2c_nrfx_twim_common.c.obj)
                0x000000000000bdb6                i2c_nrfx_twim_configure
 .text.i2c_nrfx_twim_msg_transfer
                0x000000000000bde8       0x4e zephyr/drivers/i2c/libdrivers__i2c.a(i2c_nrfx_twim_common.c.obj)
                0x000000000000bde8                i2c_nrfx_twim_msg_transfer
 .text.twim_nrfx_pm_resume
                0x000000000000be36       0x16 zephyr/drivers/i2c/libdrivers__i2c.a(i2c_nrfx_twim_common.c.obj)
                0x000000000000be36                twim_nrfx_pm_resume
 .text.twim_nrfx_pm_suspend
                0x000000000000be4c       0x16 zephyr/drivers/i2c/libdrivers__i2c.a(i2c_nrfx_twim_common.c.obj)
                0x000000000000be4c                twim_nrfx_pm_suspend
 .text.i2c_nrfx_twim_common_init
                0x000000000000be62       0x32 zephyr/drivers/i2c/libdrivers__i2c.a(i2c_nrfx_twim_common.c.obj)
                0x000000000000be62                i2c_nrfx_twim_common_init
 .text.i2c_nrfx_twim_common_deinit
                0x000000000000be94       0x12 zephyr/drivers/i2c/libdrivers__i2c.a(i2c_nrfx_twim_common.c.obj)
                0x000000000000be94                i2c_nrfx_twim_common_deinit
 .text.gpio_callback
                0x000000000000bea6        0x8 zephyr/drivers/mfd/libdrivers__mfd.a(mfd_npm13xx.c.obj)
 .text.i2c_write_dt
                0x000000000000beae       0x2c zephyr/drivers/mfd/libdrivers__mfd.a(mfd_npm13xx.c.obj)
 .text.mfd_npm13xx_reg_read_burst
                0x000000000000beda       0x44 zephyr/drivers/mfd/libdrivers__mfd.a(mfd_npm13xx.c.obj)
                0x000000000000beda                mfd_npm13xx_reg_read_burst
 .text.mfd_npm13xx_reg_read
                0x000000000000bf1e        0xe zephyr/drivers/mfd/libdrivers__mfd.a(mfd_npm13xx.c.obj)
                0x000000000000bf1e                mfd_npm13xx_reg_read
 .text.mfd_npm13xx_reg_write
                0x000000000000bf2c       0x1e zephyr/drivers/mfd/libdrivers__mfd.a(mfd_npm13xx.c.obj)
                0x000000000000bf2c                mfd_npm13xx_reg_write
 .text.mfd_npm13xx_reg_write2
                0x000000000000bf4a       0x28 zephyr/drivers/mfd/libdrivers__mfd.a(mfd_npm13xx.c.obj)
                0x000000000000bf4a                mfd_npm13xx_reg_write2
 .text.mfd_npm13xx_reg_update
                0x000000000000bf72       0x62 zephyr/drivers/mfd/libdrivers__mfd.a(mfd_npm13xx.c.obj)
                0x000000000000bf72                mfd_npm13xx_reg_update
 .text.pinctrl_lookup_state
                0x000000000000bfd4       0x26 zephyr/drivers/pinctrl/libdrivers__pinctrl.a(common.c.obj)
                0x000000000000bfd4                pinctrl_lookup_state
 .text.regulator_disable
                0x000000000000bffa       0x54 zephyr/drivers/regulator/libdrivers__regulator.a(regulator_common.c.obj)
                0x000000000000bffa                regulator_disable
 .text.regulator_set_voltage
                0x000000000000c04e       0x28 zephyr/drivers/regulator/libdrivers__regulator.a(regulator_common.c.obj)
                0x000000000000c04e                regulator_set_voltage
 .text.regulator_set_current_limit
                0x000000000000c076       0x28 zephyr/drivers/regulator/libdrivers__regulator.a(regulator_common.c.obj)
                0x000000000000c076                regulator_set_current_limit
 .text.regulator_set_mode
                0x000000000000c09e       0x3e zephyr/drivers/regulator/libdrivers__regulator.a(regulator_common.c.obj)
                0x000000000000c09e                regulator_set_mode
 .text.regulator_common_init
                0x000000000000c0dc       0xf4 zephyr/drivers/regulator/libdrivers__regulator.a(regulator_common.c.obj)
                0x000000000000c0dc                regulator_common_init
 .text.regulator_npm13xx_count_voltages
                0x000000000000c1d0       0x10 zephyr/drivers/regulator/libdrivers__regulator.a(regulator_npm13xx.c.obj)
                0x000000000000c1d0                regulator_npm13xx_count_voltages
 .text.regulator_npm13xx_dvs_state_set